Archive member included to satisfy reference by file (symbol)

/Applications/VEXcode Pro V5.app/Contents/Resources/sdk/vexv5/libv5rt.a(v5_startup.c.obj)
                              (vexStartup)
/Applications/VEXcode Pro V5.app/Contents/Resources/sdk/vexv5/libv5rt.a(v5_util.c.obj)
                              /Applications/VEXcode Pro V5.app/Contents/Resources/sdk/vexv5/libv5rt.a(v5_startup.c.obj) (vexStdlibVersionLinked)
/Applications/VEXcode Pro V5.app/Contents/Resources/sdk/vexv5/libv5rt.a(v5_apijump.c.obj)
                              /Applications/VEXcode Pro V5.app/Contents/Resources/sdk/vexv5/libv5rt.a(v5_startup.c.obj) (vexPrivateApiEnable)
/Applications/VEXcode Pro V5.app/Contents/Resources/sdk/vexv5/libv5rt.a(v5_apiversions.c.obj)
                              /Applications/VEXcode Pro V5.app/Contents/Resources/sdk/vexv5/libv5rt.a(v5_apijump.c.obj) (vexSystemVersion)
/Applications/VEXcode Pro V5.app/Contents/Resources/sdk/vexv5/libv5rt.a(vex_global.cpp.obj)
                              build/src/Autons.o (vex::wait(double, vex::timeUnits))
/Applications/VEXcode Pro V5.app/Contents/Resources/sdk/vexv5/libv5rt.a(vex_motor.cpp.obj)
                              build/src/DriveFunctions.o (vex::motor::~motor())
/Applications/VEXcode Pro V5.app/Contents/Resources/sdk/vexv5/libv5rt.a(vex_vision.cpp.obj)
                              build/src/Functions.o (vex::vision::installed())
/Applications/VEXcode Pro V5.app/Contents/Resources/sdk/vexv5/libv5rt.a(vex_imu.cpp.obj)
                              build/src/DriveFunctions.o (vex::inertial::~inertial())
/Applications/VEXcode Pro V5.app/Contents/Resources/sdk/vexv5/libv5rt.a(vex_gps.cpp.obj)
                              build/src/robot-config.o (vex::gps::~gps())
/Applications/VEXcode Pro V5.app/Contents/Resources/sdk/vexv5/libv5rt.a(vex_controller.cpp.obj)
                              build/src/robot-config.o (vex::controller::~controller())
/Applications/VEXcode Pro V5.app/Contents/Resources/sdk/vexv5/libv5rt.a(vex_task.cpp.obj)
                              build/src/Functions.o (vex::task::sleep(unsigned long))
/Applications/VEXcode Pro V5.app/Contents/Resources/sdk/vexv5/libv5rt.a(vex_thread.cpp.obj)
                              /Applications/VEXcode Pro V5.app/Contents/Resources/sdk/vexv5/libv5rt.a(vex_global.cpp.obj) (vex::this_thread::sleep_for(unsigned long))
/Applications/VEXcode Pro V5.app/Contents/Resources/sdk/vexv5/libv5rt.a(vex_event.cpp.obj)
                              /Applications/VEXcode Pro V5.app/Contents/Resources/sdk/vexv5/libv5rt.a(vex_imu.cpp.obj) (vex::event::init(unsigned long, unsigned long, void (*)()))
/Applications/VEXcode Pro V5.app/Contents/Resources/sdk/vexv5/libv5rt.a(vex_mevent.cpp.obj)
                              /Applications/VEXcode Pro V5.app/Contents/Resources/sdk/vexv5/libv5rt.a(vex_controller.cpp.obj) (vex::mevent::mevent(unsigned long, unsigned long))
/Applications/VEXcode Pro V5.app/Contents/Resources/sdk/vexv5/libv5rt.a(vex_brain.cpp.obj)
                              build/src/DriveFunctions.o (vex::brain::timer(vex::timeUnits))
/Applications/VEXcode Pro V5.app/Contents/Resources/sdk/vexv5/libv5rt.a(vex_competition.cpp.obj)
                              build/src/main.o (vex::competition::competition())
/Applications/VEXcode Pro V5.app/Contents/Resources/sdk/vexv5/libv5rt.a(vex_triport.cpp.obj)
                              /Applications/VEXcode Pro V5.app/Contents/Resources/sdk/vexv5/libv5rt.a(vex_brain.cpp.obj) (vex::triport::~triport())
/Applications/VEXcode Pro V5.app/Contents/Resources/sdk/vexv5/libv5rt.a(vex_color.cpp.obj)
                              /Applications/VEXcode Pro V5.app/Contents/Resources/sdk/vexv5/libv5rt.a(vex_brain.cpp.obj) (vex::color::operator unsigned long() const)
/Applications/VEXcode Pro V5.app/Contents/Resources/sdk/vexv5/libv5rt.a(vex_timer.cpp.obj)
                              /Applications/VEXcode Pro V5.app/Contents/Resources/sdk/vexv5/libv5rt.a(vex_brain.cpp.obj) (vex::timer::~timer())
/Applications/VEXcode Pro V5.app/Contents/Resources/sdk/vexv5/libv5rt.a(v5_apiuser.c.obj)
                              /Applications/VEXcode Pro V5.app/Contents/Resources/sdk/vexv5/libv5rt.a(vex_triport.cpp.obj) (vexAdiPortConfigSet)
/Applications/VEXcode Pro V5.app/Contents/Resources/sdk/vexv5/libv5rt.a(vex_device.cpp.obj)
                              /Applications/VEXcode Pro V5.app/Contents/Resources/sdk/vexv5/libv5rt.a(vex_motor.cpp.obj) (vex::device::~device())
/Applications/VEXcode Pro V5.app/Contents/Resources/sdk/vexv5/gcc/libs/libc.a(lib_a-aeabi_memclr.o)
                              build/src/DriveFunctions.o (__aeabi_memclr8)
/Applications/VEXcode Pro V5.app/Contents/Resources/sdk/vexv5/gcc/libs/libc.a(lib_a-aeabi_memcpy.o)
                              build/src/AutonSupport.o (__aeabi_memcpy)
/Applications/VEXcode Pro V5.app/Contents/Resources/sdk/vexv5/gcc/libs/libc.a(lib_a-aeabi_memset-soft.o)
[...]
Memory Configuration

Name             Origin             Length             Attributes
ps7_ddr_0_S_AXI_BASEADDR 0x0000000003800000 0x0000000004800000
*default*        0x0000000000000000 0xffffffffffffffff

Linker script and memory map

                0x0000000000002000                _STACK_SIZE = DEFINED (_STACK_SIZE)?_STACK_SIZE:0x2000
                0x0000000000100000                _HEAP_SIZE = DEFINED (_HEAP_SIZE)?_HEAP_SIZE:0x100000
                0x0000000000000400                _ABORT_STACK_SIZE = DEFINED (_ABORT_STACK_SIZE)?_ABORT_STACK_SIZE:0x400
                0x0000000000000800                _SUPERVISOR_STACK_SIZE = DEFINED (_SUPERVISOR_STACK_SIZE)?_SUPERVISOR_STACK_SIZE:0x800
                0x0000000000000400                _IRQ_STACK_SIZE = DEFINED (_IRQ_STACK_SIZE)?_IRQ_STACK_SIZE:0x400
                0x0000000000000400                _FIQ_STACK_SIZE = DEFINED (_FIQ_STACK_SIZE)?_FIQ_STACK_SIZE:0x400
                0x0000000000000400                _UNDEF_STACK_SIZE = DEFINED (_UNDEF_STACK_SIZE)?_UNDEF_STACK_SIZE:0x400

.text           0x0000000003800000     0x6ab8
 *(.vectors)
 *(.boot_data)
 .boot_data     0x0000000003800000       0x20 /Applications/VEXcode Pro V5.app/Contents/Resources/sdk/vexv5/libv5rt.a(v5_startup.c.obj)
                0x0000000003800000                vexCodeSig
                0x0000000000000020                . = 0x20
 *(.boot)
 .boot          0x0000000003800020       0xbc /Applications/VEXcode Pro V5.app/Contents/Resources/sdk/vexv5/libv5rt.a(v5_startup.c.obj)
                0x0000000003800020                vexStartup
                0x0000000003800100                . = ALIGN (0x40)
 *fill*         0x00000000038000dc       0x24 
 *(.freertos_vectors)
 *(.text)
 .text          0x0000000003800100       0x9a /Applications/VEXcode Pro V5.app/Contents/Resources/sdk/vexv5/gcc/libs/libc.a(lib_a-aeabi_memset-soft.o)
                0x0000000003800100                __aeabi_memset4
                0x0000000003800100                __aeabi_memset8
                0x0000000003800100                __aeabi_memset
 *fill*         0x000000000380019a        0x2 
 .text          0x000000000380019c      0x370 /Applications/VEXcode Pro V5.app/Contents/Resources/sdk/vexv5/gcc/libs/libgcc.a(_arm_addsubdf3.o)
                0x000000000380019c                __aeabi_drsub
                0x00000000038001a4                __aeabi_dsub
                0x00000000038001a4                __subdf3
                0x00000000038001a8                __adddf3
                0x00000000038001a8                __aeabi_dadd
                0x0000000003800420                __floatunsidf
                0x0000000003800420                __aeabi_ui2d
                0x0000000003800440                __aeabi_i2d
                0x0000000003800440                __floatsidf
                0x0000000003800464                __extendsfdf2
                0x0000000003800464                __aeabi_f2d
                0x00000000038004a0                __aeabi_ul2d
                0x00000000038004a0                __floatundidf
                0x00000000038004b0                __floatdidf
                0x00000000038004b0                __aeabi_l2d
 *fill*         0x000000000380050c        0x4 
 .text          0x0000000003800510       0x48 /Applications/VEXcode Pro V5.app/Contents/Resources/sdk/vexv5/gcc/libs/libgcc.a(_fixunsdfdi.o)
                0x0000000003800510                __aeabi_d2ulz
                0x0000000003800510                __fixunsdfdi
 *(.text.*)
 .text._Z12Paint_Screenv
                0x0000000003800558       0x4c build/src/AutonSupport.o
                0x0000000003800558                Paint_Screen()
 .text._Z12cycle_autonsv
                0x00000000038005a4      0x10c build/src/AutonSupport.o
                0x00000000038005a4                cycle_autons()
 .text._Z6Auton1v
                0x00000000038006b0      0x200 build/src/Autons.o
                0x00000000038006b0                Auton1()
 .text._Z6Auton2v
                0x00000000038008b0       0xe0 build/src/Autons.o
                0x00000000038008b0                Auton2()
 .text._Z6Auton3v
                0x0000000003800990       0x14 build/src/Autons.o
                0x0000000003800990                Auton3()
 *fill*         0x00000000038009a4        0x4 
 .text._Z6Auton4v
                0x00000000038009a8       0xe8 build/src/Autons.o
                0x00000000038009a8                Auton4()
 .text._Z9userDrivev
                0x0000000003800a90      0x160 build/src/DriveFunctions.o
                0x0000000003800a90                userDrive()
 .text._Z10moveLinearfim
                0x0000000003800bf0      0x4a4 build/src/DriveFunctions.o
                0x0000000003800bf0                moveLinear(float, int, unsigned long)
 .text._Z8moveStopN3vex9brakeTypeE
                0x0000000003801094       0x70 build/src/DriveFunctions.o
                0x0000000003801094                moveStop(vex::brakeType)
 *fill*         0x0000000003801104        0x4 
 .text._Z10moveRotatesim
                0x0000000003801108      0x40c build/src/DriveFunctions.o
                0x0000000003801108                moveRotate(short, int, unsigned long)
 .text._Z11setLinGainsddddi
                0x0000000003801514       0x54 build/src/DriveFunctions.o
                0x0000000003801514                setLinGains(double, double, double, double, int)
 .text._Z11setRotGainsddddi
                0x0000000003801568       0x54 build/src/DriveFunctions.o
                0x0000000003801568                setRotGains(double, double, double, double, int)
 .text._GLOBAL__sub_I_DriveFunctions.cpp
                0x00000000038015bc      0x190 build/src/DriveFunctions.o
 .text._ZN3vex6visionC2IJNS0_9signatureES2_S2_S2_S2_S2_S2_EEElhDpRT_
                0x000000000380174c       0x64 build/src/Functions.o
                0x000000000380174c                vex::vision::vision<vex::vision::signature, vex::vision::signature, vex::vision::signature, vex::vision::signature, vex::vision::signature, vex::vision::signature, vex::vision::signature>(long, unsigned char, vex::vision::signature&, vex::vision::signature&, vex::vision::signature&, vex::vision::signature&, vex::vision::signature&, vex::vision::signature&, vex::vision::signature&)
 .text._Z5pClawb
                0x00000000038017b0       0x10 build/src/Functions.o
                0x00000000038017b0                pClaw(bool)
 .text._Z10pClampBackb
                0x00000000038017c0       0x10 build/src/Functions.o
                0x00000000038017c0                pClampBack(bool)
 .text._Z10goalCenteri
                0x00000000038017d0      0x358 build/src/Functions.o
                0x00000000038017d0                goalCenter(int)
 .text._Z12goalApproachihy
                0x0000000003801b28      0x348 build/src/Functions.o
                0x0000000003801b28                goalApproach(int, unsigned char, unsigned long long)
 .text._ZN3vex6vision7_setsigINS0_9signatureEJS2_S2_S2_S2_EEEvRT_DpRT0_
                0x0000000003801e70       0x4c build/src/Functions.o
                0x0000000003801e70                void vex::vision::_setsig<vex::vision::signature, vex::vision::signature, vex::vision::signature, vex::vision::signature, vex::vision::signature>(vex::vision::signature&, vex::vision::signature&, vex::vision::signature&, vex::vision::signature&, vex::vision::signature&)
 .text._GLOBAL__sub_I_Functions.cpp
                0x0000000003801ebc      0x2bc build/src/Functions.o
 .text._Z7pidInitP11pidStruct_tddddi
                0x0000000003802178       0x50 build/src/PID.o
                0x0000000003802178                pidInit(pidStruct_t*, double, double, double, double, int)
 .text._Z12pidCalculateP11pidStruct_tdd
                0x00000000038021c8      0x1d0 build/src/PID.o
                0x00000000038021c8                pidCalculate(pidStruct_t*, double, double)
 .text._Z14printPIDValuesP11pidStruct_t
                0x0000000003802398       0xe4 build/src/PID.o
                0x0000000003802398                printPIDValues(pidStruct_t*)
 *fill*         0x000000000380247c        0x4 
 .text._Z9pre_autonv
                0x0000000003802480       0xd8 build/src/main.o
                0x0000000003802480                pre_auton()
 .text._Z10autonomousv
                0x0000000003802558       0x40 build/src/main.o
                0x0000000003802558                autonomous()
 .text._Z11usercontrolv
                0x0000000003802598      0x468 build/src/main.o
                0x0000000003802598                usercontrol()
 .text.main     0x0000000003802a00       0x68 build/src/main.o
                0x0000000003802a00                main
 .text._GLOBAL__sub_I_main.cpp
                0x0000000003802a68       0x34 build/src/main.o
 .text._Z11vexcodeInitv
                0x0000000003802a9c        0x4 build/src/robot-config.o
                0x0000000003802a9c                vexcodeInit()
 .text._GLOBAL__sub_I_robot_config.cpp
                0x0000000003802aa0      0x24c build/src/robot-config.o
 .text.vexMain  0x0000000003802cec       0xb0 /Applications/VEXcode Pro V5.app/Contents/Resources/sdk/vexv5/libv5rt.a(v5_startup.c.obj)
                0x0000000003802cec                vexMain
 .text.__vex_function_prolog
                0x0000000003802d9c       0x18 /Applications/VEXcode Pro V5.app/Contents/Resources/sdk/vexv5/libv5rt.a(v5_startup.c.obj)
                0x0000000003802d9c                __vex_function_prolog
 .text._init    0x0000000003802db4        0x4 /Applications/VEXcode Pro V5.app/Contents/Resources/sdk/vexv5/libv5rt.a(v5_startup.c.obj)
                0x0000000003802db4                _init
 .text._fini    0x0000000003802db8        0x4 /Applications/VEXcode Pro V5.app/Contents/Resources/sdk/vexv5/libv5rt.a(v5_startup.c.obj)
                0x0000000003802db8                _fini
 .text.vexStdlibVersionLinked
                0x0000000003802dbc        0xc /Applications/VEXcode Pro V5.app/Contents/Resources/sdk/vexv5/libv5rt.a(v5_util.c.obj)
                0x0000000003802dbc                vexStdlibVersionLinked
 .text.vexStdlibVersionVerify
                0x0000000003802dc8       0x30 /Applications/VEXcode Pro V5.app/Contents/Resources/sdk/vexv5/libv5rt.a(v5_util.c.obj)
                0x0000000003802dc8                vexStdlibVersionVerify
 .text.vexPrivateApiEnable
                0x0000000003802df8       0x10 /Applications/VEXcode Pro V5.app/Contents/Resources/sdk/vexv5/libv5rt.a(v5_apijump.c.obj)
                0x0000000003802df8                vexPrivateApiEnable
 .text.vexStdlibMismatchError
                0x0000000003802e08       0x3c /Applications/VEXcode Pro V5.app/Contents/Resources/sdk/vexv5/libv5rt.a(v5_apijump.c.obj)
                0x0000000003802e08                vexStdlibMismatchError
 .text.vexTaskAdd
                0x0000000003802e44       0x10 /Applications/VEXcode Pro V5.app/Contents/Resources/sdk/vexv5/libv5rt.a(v5_apijump.c.obj)
                0x0000000003802e44                vexTaskAdd
 .text.vexTasksRun
                0x0000000003802e54       0x10 /Applications/VEXcode Pro V5.app/Contents/Resources/sdk/vexv5/libv5rt.a(v5_apijump.c.obj)
                0x0000000003802e54                vexTasksRun
 .text.vexTaskYield
                0x0000000003802e64       0x10 /Applications/VEXcode Pro V5.app/Contents/Resources/sdk/vexv5/libv5rt.a(v5_apijump.c.obj)
                0x0000000003802e64                vexTaskYield
 .text.vexTaskCheckTimeslice
                0x0000000003802e74       0x10 /Applications/VEXcode Pro V5.app/Contents/Resources/sdk/vexv5/libv5rt.a(v5_apijump.c.obj)
                0x0000000003802e74                vexTaskCheckTimeslice
 .text.vexTaskSleep
                0x0000000003802e84       0x10 /Applications/VEXcode Pro V5.app/Contents/Resources/sdk/vexv5/libv5rt.a(v5_apijump.c.obj)
                0x0000000003802e84                vexTaskSleep
 .text.vexTasksDump
                0x0000000003802e94       0x1c /Applications/VEXcode Pro V5.app/Contents/Resources/sdk/vexv5/libv5rt.a(v5_apijump.c.obj)
                0x0000000003802e94                vexTasksDump
 .text.vexTaskGetTaskIndex
                0x0000000003802eb0       0x10 /Applications/VEXcode Pro V5.app/Contents/Resources/sdk/vexv5/libv5rt.a(v5_apijump.c.obj)
                0x0000000003802eb0                vexTaskGetTaskIndex
 .text.vexTaskStopAll
                0x0000000003802ec0       0x10 /Applications/VEXcode Pro V5.app/Contents/Resources/sdk/vexv5/libv5rt.a(v5_apijump.c.obj)
                0x0000000003802ec0                vexTaskStopAll
 .text.vexTaskRemoveAllUser
                0x0000000003802ed0       0x34 /Applications/VEXcode Pro V5.app/Contents/Resources/sdk/vexv5/libv5rt.a(v5_apijump.c.obj)
                0x0000000003802ed0                vexTaskRemoveAllUser
 .text.vexTaskCompletionIdSet
                0x0000000003802f04       0x10 /Applications/VEXcode Pro V5.app/Contents/Resources/sdk/vexv5/libv5rt.a(v5_apijump.c.obj)
                0x0000000003802f04                vexTaskCompletionIdSet
 .text.vexTaskStopWithId
                0x0000000003802f14       0x10 /Applications/VEXcode Pro V5.app/Contents/Resources/sdk/vexv5/libv5rt.a(v5_apijump.c.obj)
                0x0000000003802f14                vexTaskStopWithId
 .text.vexCriticalSection
                0x0000000003802f24       0x2c /Applications/VEXcode Pro V5.app/Contents/Resources/sdk/vexv5/libv5rt.a(v5_apijump.c.obj)
                0x0000000003802f24                vexCriticalSection
 .text.vexEventAdd
                0x0000000003802f50       0x34 /Applications/VEXcode Pro V5.app/Contents/Resources/sdk/vexv5/libv5rt.a(v5_apijump.c.obj)
                0x0000000003802f50                vexEventAdd
 .text.vexEventUserIndexGet
                0x0000000003802f84       0x1c /Applications/VEXcode Pro V5.app/Contents/Resources/sdk/vexv5/libv5rt.a(v5_apijump.c.obj)
                0x0000000003802f84                vexEventUserIndexGet
 .text.vexEventAddWithArg
                0x0000000003802fa0       0x3c /Applications/VEXcode Pro V5.app/Contents/Resources/sdk/vexv5/libv5rt.a(v5_apijump.c.obj)
                0x0000000003802fa0                vexEventAddWithArg
 .text.vexEventsCleanup
                0x0000000003802fdc       0x2c /Applications/VEXcode Pro V5.app/Contents/Resources/sdk/vexv5/libv5rt.a(v5_apijump.c.obj)
                0x0000000003802fdc                vexEventsCleanup
 .text.vexDebug
                0x0000000003803008       0x38 /Applications/VEXcode Pro V5.app/Contents/Resources/sdk/vexv5/libv5rt.a(v5_apijump.c.obj)
                0x0000000003803008                vexDebug
 .text.vex_sprintf
                0x0000000003803040       0x40 /Applications/VEXcode Pro V5.app/Contents/Resources/sdk/vexv5/libv5rt.a(v5_apijump.c.obj)
                0x0000000003803040                vex_sprintf
 .text.vex_vsnprintf
                0x0000000003803080       0x3c /Applications/VEXcode Pro V5.app/Contents/Resources/sdk/vexv5/libv5rt.a(v5_apijump.c.obj)
                0x0000000003803080                vex_vsnprintf
 .text.vexSystemTimeGet
                0x00000000038030bc       0x1c /Applications/VEXcode Pro V5.app/Contents/Resources/sdk/vexv5/libv5rt.a(v5_apijump.c.obj)
                0x00000000038030bc                vexSystemTimeGet
 .text.vexSystemExitRequest
                0x00000000038030d8       0x1c /Applications/VEXcode Pro V5.app/Contents/Resources/sdk/vexv5/libv5rt.a(v5_apijump.c.obj)
                0x00000000038030d8                vexSystemExitRequest
 .text.vexDeviceGetByIndex
                0x00000000038030f4       0x24 /Applications/VEXcode Pro V5.app/Contents/Resources/sdk/vexv5/libv5rt.a(v5_apijump.c.obj)
                0x00000000038030f4                vexDeviceGetByIndex
 .text.vexControllerGet
                0x0000000003803118       0x2c /Applications/VEXcode Pro V5.app/Contents/Resources/sdk/vexv5/libv5rt.a(v5_apijump.c.obj)
                0x0000000003803118                vexControllerGet
 .text.vexControllerTextSet
                0x0000000003803144       0x74 /Applications/VEXcode Pro V5.app/Contents/Resources/sdk/vexv5/libv5rt.a(v5_apijump.c.obj)
                0x0000000003803144                vexControllerTextSet
 .text.vexDeviceAdiPortConfigSet
                0x00000000038031b8       0x34 /Applications/VEXcode Pro V5.app/Contents/Resources/sdk/vexv5/libv5rt.a(v5_apijump.c.obj)
                0x00000000038031b8                vexDeviceAdiPortConfigSet
 .text.vexDeviceAdiPortConfigGet
                0x00000000038031ec       0x2c /Applications/VEXcode Pro V5.app/Contents/Resources/sdk/vexv5/libv5rt.a(v5_apijump.c.obj)
                0x00000000038031ec                vexDeviceAdiPortConfigGet
 .text.vexDeviceAdiValueSet
                0x0000000003803218       0x34 /Applications/VEXcode Pro V5.app/Contents/Resources/sdk/vexv5/libv5rt.a(v5_apijump.c.obj)
                0x0000000003803218                vexDeviceAdiValueSet
 .text.vexDeviceAdiValueGet
                0x000000000380324c       0x2c /Applications/VEXcode Pro V5.app/Contents/Resources/sdk/vexv5/libv5rt.a(v5_apijump.c.obj)
                0x000000000380324c                vexDeviceAdiValueGet
 .text.vexDeviceMotorVelocitySet
                0x0000000003803278       0x2c /Applications/VEXcode Pro V5.app/Contents/Resources/sdk/vexv5/libv5rt.a(v5_apijump.c.obj)
                0x0000000003803278                vexDeviceMotorVelocitySet
 .text.vexDeviceMotorVoltageSet
                0x00000000038032a4       0x2c /Applications/VEXcode Pro V5.app/Contents/Resources/sdk/vexv5/libv5rt.a(v5_apijump.c.obj)
                0x00000000038032a4                vexDeviceMotorVoltageSet
 .text.vexDeviceMotorActualVelocityGet
                0x00000000038032d0       0x24 /Applications/VEXcode Pro V5.app/Contents/Resources/sdk/vexv5/libv5rt.a(v5_apijump.c.obj)
                0x00000000038032d0                vexDeviceMotorActualVelocityGet
 .text.vexDeviceMotorReverseFlagSet
                0x00000000038032f4       0x2c /Applications/VEXcode Pro V5.app/Contents/Resources/sdk/vexv5/libv5rt.a(v5_apijump.c.obj)
                0x00000000038032f4                vexDeviceMotorReverseFlagSet
 .text.vexDeviceMotorEncoderUnitsSet
                0x0000000003803320       0x2c /Applications/VEXcode Pro V5.app/Contents/Resources/sdk/vexv5/libv5rt.a(v5_apijump.c.obj)
                0x0000000003803320                vexDeviceMotorEncoderUnitsSet
 .text.vexDeviceMotorBrakeModeSet
                0x000000000380334c       0x2c /Applications/VEXcode Pro V5.app/Contents/Resources/sdk/vexv5/libv5rt.a(v5_apijump.c.obj)
                0x000000000380334c                vexDeviceMotorBrakeModeSet
 .text.vexDeviceMotorPositionSet
                0x0000000003803378       0x34 /Applications/VEXcode Pro V5.app/Contents/Resources/sdk/vexv5/libv5rt.a(v5_apijump.c.obj)
                0x0000000003803378                vexDeviceMotorPositionSet
 .text.vexDeviceMotorPositionGet
                0x00000000038033ac       0x24 /Applications/VEXcode Pro V5.app/Contents/Resources/sdk/vexv5/libv5rt.a(v5_apijump.c.obj)
                0x00000000038033ac                vexDeviceMotorPositionGet
 .text.vexDeviceMotorGearingSet
                0x00000000038033d0       0x2c /Applications/VEXcode Pro V5.app/Contents/Resources/sdk/vexv5/libv5rt.a(v5_apijump.c.obj)
                0x00000000038033d0                vexDeviceMotorGearingSet
 .text.vexDeviceMotorGearingGet
                0x00000000038033fc       0x24 /Applications/VEXcode Pro V5.app/Contents/Resources/sdk/vexv5/libv5rt.a(v5_apijump.c.obj)
                0x00000000038033fc                vexDeviceMotorGearingGet
 .text.vexDeviceVisionModeSet
                0x0000000003803420       0x2c /Applications/VEXcode Pro V5.app/Contents/Resources/sdk/vexv5/libv5rt.a(v5_apijump.c.obj)
                0x0000000003803420                vexDeviceVisionModeSet
 .text.vexDeviceVisionObjectCountGet
                0x000000000380344c       0x24 /Applications/VEXcode Pro V5.app/Contents/Resources/sdk/vexv5/libv5rt.a(v5_apijump.c.obj)
                0x000000000380344c                vexDeviceVisionObjectCountGet
 .text.vexDeviceVisionObjectGet
                0x0000000003803470       0x34 /Applications/VEXcode Pro V5.app/Contents/Resources/sdk/vexv5/libv5rt.a(v5_apijump.c.obj)
                0x0000000003803470                vexDeviceVisionObjectGet
 .text.vexDeviceVisionSignatureSet
                0x00000000038034a4       0x2c /Applications/VEXcode Pro V5.app/Contents/Resources/sdk/vexv5/libv5rt.a(v5_apijump.c.obj)
                0x00000000038034a4                vexDeviceVisionSignatureSet
 .text.vexDeviceVisionBrightnessSet
                0x00000000038034d0       0x2c /Applications/VEXcode Pro V5.app/Contents/Resources/sdk/vexv5/libv5rt.a(v5_apijump.c.obj)
                0x00000000038034d0                vexDeviceVisionBrightnessSet
 .text.vexDeviceVisionLedModeSet
                0x00000000038034fc       0x2c /Applications/VEXcode Pro V5.app/Contents/Resources/sdk/vexv5/libv5rt.a(v5_apijump.c.obj)
                0x00000000038034fc                vexDeviceVisionLedModeSet
 .text.vexDeviceVisionLedColorSet
                0x0000000003803528       0x30 /Applications/VEXcode Pro V5.app/Contents/Resources/sdk/vexv5/libv5rt.a(v5_apijump.c.obj)
                0x0000000003803528                vexDeviceVisionLedColorSet
 .text.vexDeviceImuReset
                0x0000000003803558       0x24 /Applications/VEXcode Pro V5.app/Contents/Resources/sdk/vexv5/libv5rt.a(v5_apijump.c.obj)
                0x0000000003803558                vexDeviceImuReset
 .text.vexDeviceImuHeadingGet
                0x000000000380357c       0x24 /Applications/VEXcode Pro V5.app/Contents/Resources/sdk/vexv5/libv5rt.a(v5_apijump.c.obj)
                0x000000000380357c                vexDeviceImuHeadingGet
 .text.vexDeviceImuDegreesGet
                0x00000000038035a0       0x24 /Applications/VEXcode Pro V5.app/Contents/Resources/sdk/vexv5/libv5rt.a(v5_apijump.c.obj)
                0x00000000038035a0                vexDeviceImuDegreesGet
 .text.vexDeviceImuStatusGet
                0x00000000038035c4       0x24 /Applications/VEXcode Pro V5.app/Contents/Resources/sdk/vexv5/libv5rt.a(v5_apijump.c.obj)
                0x00000000038035c4                vexDeviceImuStatusGet
 .text.vexDeviceGpsReset
                0x00000000038035e8       0x38 /Applications/VEXcode Pro V5.app/Contents/Resources/sdk/vexv5/libv5rt.a(v5_apijump.c.obj)
                0x00000000038035e8                vexDeviceGpsReset
 .text.vexDeviceGpsHeadingGet
                0x0000000003803620       0x44 /Applications/VEXcode Pro V5.app/Contents/Resources/sdk/vexv5/libv5rt.a(v5_apijump.c.obj)
                0x0000000003803620                vexDeviceGpsHeadingGet
 .text.vexDeviceGpsDegreesGet
                0x0000000003803664       0x44 /Applications/VEXcode Pro V5.app/Contents/Resources/sdk/vexv5/libv5rt.a(v5_apijump.c.obj)
                0x0000000003803664                vexDeviceGpsDegreesGet
 .text.vexDeviceGpsAttitudeGet
                0x00000000038036a8      0x198 /Applications/VEXcode Pro V5.app/Contents/Resources/sdk/vexv5/libv5rt.a(v5_apijump.c.obj)
                0x00000000038036a8                vexDeviceGpsAttitudeGet
 .text.vexDeviceGpsStatusGet
                0x0000000003803840       0x40 /Applications/VEXcode Pro V5.app/Contents/Resources/sdk/vexv5/libv5rt.a(v5_apijump.c.obj)
                0x0000000003803840                vexDeviceGpsStatusGet
 .text.vexDeviceGpsModeSet
                0x0000000003803880       0x40 /Applications/VEXcode Pro V5.app/Contents/Resources/sdk/vexv5/libv5rt.a(v5_apijump.c.obj)
                0x0000000003803880                vexDeviceGpsModeSet
 .text.vexDeviceGpsRotationSet
                0x00000000038038c0       0x48 /Applications/VEXcode Pro V5.app/Contents/Resources/sdk/vexv5/libv5rt.a(v5_apijump.c.obj)
                0x00000000038038c0                vexDeviceGpsRotationSet
 .text.vexDeviceGpsRotationGet
                0x0000000003803908       0x44 /Applications/VEXcode Pro V5.app/Contents/Resources/sdk/vexv5/libv5rt.a(v5_apijump.c.obj)
                0x0000000003803908                vexDeviceGpsRotationGet
 .text.vexDisplayForegroundColor
                0x000000000380394c       0x24 /Applications/VEXcode Pro V5.app/Contents/Resources/sdk/vexv5/libv5rt.a(v5_apijump.c.obj)
                0x000000000380394c                vexDisplayForegroundColor
 .text.vexDisplayBackgroundColor
                0x0000000003803970       0x24 /Applications/VEXcode Pro V5.app/Contents/Resources/sdk/vexv5/libv5rt.a(v5_apijump.c.obj)
                0x0000000003803970                vexDisplayBackgroundColor
 .text.vexDisplayBackgroundColorGet
                0x0000000003803994       0x1c /Applications/VEXcode Pro V5.app/Contents/Resources/sdk/vexv5/libv5rt.a(v5_apijump.c.obj)
                0x0000000003803994                vexDisplayBackgroundColorGet
 .text.vexDisplayRectClear
                0x00000000038039b0       0x4c /Applications/VEXcode Pro V5.app/Contents/Resources/sdk/vexv5/libv5rt.a(v5_apijump.c.obj)
                0x00000000038039b0                vexDisplayRectClear
 .text.vexDisplayVPrintf
                0x00000000038039fc       0x50 /Applications/VEXcode Pro V5.app/Contents/Resources/sdk/vexv5/libv5rt.a(v5_apijump.c.obj)
                0x00000000038039fc                vexDisplayVPrintf
 .text.vexDisplayTextReference
                0x0000000003803a4c       0x24 /Applications/VEXcode Pro V5.app/Contents/Resources/sdk/vexv5/libv5rt.a(v5_apijump.c.obj)
                0x0000000003803a4c                vexDisplayTextReference
 .text.vexDisplayTextSize
                0x0000000003803a70       0x2c /Applications/VEXcode Pro V5.app/Contents/Resources/sdk/vexv5/libv5rt.a(v5_apijump.c.obj)
                0x0000000003803a70                vexDisplayTextSize
 .text.vexDisplayFontNamedSet
                0x0000000003803a9c       0x24 /Applications/VEXcode Pro V5.app/Contents/Resources/sdk/vexv5/libv5rt.a(v5_apijump.c.obj)
                0x0000000003803a9c                vexDisplayFontNamedSet
 .text.vexDisplayStringWidthGet
                0x0000000003803ac0       0x24 /Applications/VEXcode Pro V5.app/Contents/Resources/sdk/vexv5/libv5rt.a(v5_apijump.c.obj)
                0x0000000003803ac0                vexDisplayStringWidthGet
 .text.vexSystemStdlibImpureDataAddr
                0x0000000003803ae4       0x28 /Applications/VEXcode Pro V5.app/Contents/Resources/sdk/vexv5/libv5rt.a(v5_apijump.c.obj)
                0x0000000003803ae4                vexSystemStdlibImpureDataAddr
 .text.vexSystemStdlibImpureDataSize
                0x0000000003803b0c       0x28 /Applications/VEXcode Pro V5.app/Contents/Resources/sdk/vexv5/libv5rt.a(v5_apijump.c.obj)
                0x0000000003803b0c                vexSystemStdlibImpureDataSize
 .text.vexSystemSaveUserData
                0x0000000003803b34       0x3c /Applications/VEXcode Pro V5.app/Contents/Resources/sdk/vexv5/libv5rt.a(v5_apijump.c.obj)
                0x0000000003803b34                vexSystemSaveUserData
 .text.vexDisplayThemeIdGet
                0x0000000003803b70       0x38 /Applications/VEXcode Pro V5.app/Contents/Resources/sdk/vexv5/libv5rt.a(v5_apijump.c.obj)
                0x0000000003803b70                vexDisplayThemeIdGet
 .text.vexDeviceEventMaskSet
                0x0000000003803ba8       0x48 /Applications/VEXcode Pro V5.app/Contents/Resources/sdk/vexv5/libv5rt.a(v5_apijump.c.obj)
                0x0000000003803ba8                vexDeviceEventMaskSet
 .text.vexDeviceEventMaskGet
                0x0000000003803bf0       0x3c /Applications/VEXcode Pro V5.app/Contents/Resources/sdk/vexv5/libv5rt.a(v5_apijump.c.obj)
                0x0000000003803bf0                vexDeviceEventMaskGet
 .text.vexSystemVersion
                0x0000000003803c2c       0x10 /Applications/VEXcode Pro V5.app/Contents/Resources/sdk/vexv5/libv5rt.a(v5_apiversions.c.obj)
                0x0000000003803c2c                vexSystemVersion
 .text.vexStdlibVersion
                0x0000000003803c3c       0x10 /Applications/VEXcode Pro V5.app/Contents/Resources/sdk/vexv5/libv5rt.a(v5_apiversions.c.obj)
                0x0000000003803c3c                vexStdlibVersion
 *fill*         0x0000000003803c4c        0x4 
 .text._ZN3vex4waitEdNS_9timeUnitsE
                0x0000000003803c50       0x30 /Applications/VEXcode Pro V5.app/Contents/Resources/sdk/vexv5/libv5rt.a(vex_global.cpp.obj)
                0x0000000003803c50                vex::wait(double, vex::timeUnits)
 .text._ZN3vex5motorD2Ev
                0x0000000003803c80       0x20 /Applications/VEXcode Pro V5.app/Contents/Resources/sdk/vexv5/libv5rt.a(vex_motor.cpp.obj)
                0x0000000003803c80                vex::motor::~motor()
                0x0000000003803c80                vex::motor::~motor()
 .text._ZN3vex5motorD0Ev
                0x0000000003803ca0       0x1c /Applications/VEXcode Pro V5.app/Contents/Resources/sdk/vexv5/libv5rt.a(vex_motor.cpp.obj)
                0x0000000003803ca0                vex::motor::~motor()
 .text._ZN3vex5motor9installedEv
                0x0000000003803cbc       0x18 /Applications/VEXcode Pro V5.app/Contents/Resources/sdk/vexv5/libv5rt.a(vex_motor.cpp.obj)
                0x0000000003803cbc                vex::motor::installed()
 .text._ZN3vex5motor15defaultStoppingENS_9brakeTypeE
                0x0000000003803cd4       0x30 /Applications/VEXcode Pro V5.app/Contents/Resources/sdk/vexv5/libv5rt.a(vex_motor.cpp.obj)
                0x0000000003803cd4                vex::motor::defaultStopping(vex::brakeType)
 .text._ZN3vex5motor8setBrakeENS_9brakeTypeE
                0x0000000003803d04        0x4 /Applications/VEXcode Pro V5.app/Contents/Resources/sdk/vexv5/libv5rt.a(vex_motor.cpp.obj)
                0x0000000003803d04                vex::motor::setBrake(vex::brakeType)
 .text._ZN3vex5motor11setStoppingENS_9brakeTypeE
                0x0000000003803d08        0x4 /Applications/VEXcode Pro V5.app/Contents/Resources/sdk/vexv5/libv5rt.a(vex_motor.cpp.obj)
                0x0000000003803d08                vex::motor::setStopping(vex::brakeType)
 .text._ZN3vex5motorC2El
                0x0000000003803d0c       0x78 /Applications/VEXcode Pro V5.app/Contents/Resources/sdk/vexv5/libv5rt.a(vex_motor.cpp.obj)
                0x0000000003803d0c                vex::motor::motor(long)
                0x0000000003803d0c                vex::motor::motor(long)
 .text._ZN3vex5motorC2ElNS_11gearSettingEb
                0x0000000003803d84       0x34 /Applications/VEXcode Pro V5.app/Contents/Resources/sdk/vexv5/libv5rt.a(vex_motor.cpp.obj)
                0x0000000003803d84                vex::motor::motor(long, vex::gearSetting, bool)
                0x0000000003803d84                vex::motor::motor(long, vex::gearSetting, bool)
 .text._ZN3vex5motor4spinENS_13directionTypeEdNS_12voltageUnitsE
                0x0000000003803db8       0x50 /Applications/VEXcode Pro V5.app/Contents/Resources/sdk/vexv5/libv5rt.a(vex_motor.cpp.obj)
                0x0000000003803db8                vex::motor::spin(vex::directionType, double, vex::voltageUnits)
 .text._ZN3vex5motor4stopENS_9brakeTypeE
                0x0000000003803e08       0x30 /Applications/VEXcode Pro V5.app/Contents/Resources/sdk/vexv5/libv5rt.a(vex_motor.cpp.obj)
                0x0000000003803e08                vex::motor::stop(vex::brakeType)
 .text._ZN3vex5motor4stopEv
                0x0000000003803e38        0x8 /Applications/VEXcode Pro V5.app/Contents/Resources/sdk/vexv5/libv5rt.a(vex_motor.cpp.obj)
                0x0000000003803e38                vex::motor::stop()
 .text._ZN3vex5motor16velocityToScaledEdNS_13velocityUnitsE
                0x0000000003803e40       0x5c /Applications/VEXcode Pro V5.app/Contents/Resources/sdk/vexv5/libv5rt.a(vex_motor.cpp.obj)
                0x0000000003803e40                vex::motor::velocityToScaled(double, vex::velocityUnits)
 .text._ZN3vex5motor8velocityENS_13velocityUnitsE
                0x0000000003803e9c       0x30 /Applications/VEXcode Pro V5.app/Contents/Resources/sdk/vexv5/libv5rt.a(vex_motor.cpp.obj)
                0x0000000003803e9c                vex::motor::velocity(vex::velocityUnits)
 .text._ZN3vex5motor5valueEv
                0x0000000003803ecc       0x1c /Applications/VEXcode Pro V5.app/Contents/Resources/sdk/vexv5/libv5rt.a(vex_motor.cpp.obj)
                0x0000000003803ecc                vex::motor::value()
 .text._ZN3vex5motor16scaledToVelocityEdNS_13velocityUnitsE
                0x0000000003803ee8       0xa4 /Applications/VEXcode Pro V5.app/Contents/Resources/sdk/vexv5/libv5rt.a(vex_motor.cpp.obj)
                0x0000000003803ee8                vex::motor::scaledToVelocity(double, vex::velocityUnits)
 .text._ZN3vex5motor4spinENS_13directionTypeEdNS_13velocityUnitsE
                0x0000000003803f8c       0x5c /Applications/VEXcode Pro V5.app/Contents/Resources/sdk/vexv5/libv5rt.a(vex_motor.cpp.obj)
                0x0000000003803f8c                vex::motor::spin(vex::directionType, double, vex::velocityUnits)
 .text._ZN3vex5motor4spinENS_13directionTypeE
                0x0000000003803fe8       0x28 /Applications/VEXcode Pro V5.app/Contents/Resources/sdk/vexv5/libv5rt.a(vex_motor.cpp.obj)
                0x0000000003803fe8                vex::motor::spin(vex::directionType)
 .text._ZN3vex5motor11setVelocityEdNS_13velocityUnitsE
                0x0000000003804010       0x54 /Applications/VEXcode Pro V5.app/Contents/Resources/sdk/vexv5/libv5rt.a(vex_motor.cpp.obj)
                0x0000000003804010                vex::motor::setVelocity(double, vex::velocityUnits)
 .text._ZN3vex5motor16setRotationUnitsENS_13rotationUnitsE
                0x0000000003804064       0x1c /Applications/VEXcode Pro V5.app/Contents/Resources/sdk/vexv5/libv5rt.a(vex_motor.cpp.obj)
                0x0000000003804064                vex::motor::setRotationUnits(vex::rotationUnits)
 .text._ZN3vex5motor11setRotationEdNS_13rotationUnitsE
                0x0000000003804080       0x44 /Applications/VEXcode Pro V5.app/Contents/Resources/sdk/vexv5/libv5rt.a(vex_motor.cpp.obj)
                0x0000000003804080                vex::motor::setRotation(double, vex::rotationUnits)
 .text._ZN3vex5motor13resetRotationEv
                0x00000000038040c4       0x20 /Applications/VEXcode Pro V5.app/Contents/Resources/sdk/vexv5/libv5rt.a(vex_motor.cpp.obj)
                0x00000000038040c4                vex::motor::resetRotation()
 .text._ZN3vex5motor13resetPositionEv
                0x00000000038040e4       0x20 /Applications/VEXcode Pro V5.app/Contents/Resources/sdk/vexv5/libv5rt.a(vex_motor.cpp.obj)
                0x00000000038040e4                vex::motor::resetPosition()
 .text._ZN3vex5motor11setPositionEdNS_13rotationUnitsE
                0x0000000003804104        0x4 /Applications/VEXcode Pro V5.app/Contents/Resources/sdk/vexv5/libv5rt.a(vex_motor.cpp.obj)
                0x0000000003804104                vex::motor::setPosition(double, vex::rotationUnits)
 .text._ZN3vex5motor8rotationENS_13rotationUnitsE
                0x0000000003804108       0x44 /Applications/VEXcode Pro V5.app/Contents/Resources/sdk/vexv5/libv5rt.a(vex_motor.cpp.obj)
                0x0000000003804108                vex::motor::rotation(vex::rotationUnits)
 .text._ZN3vex6vision9installedEv
                0x000000000380414c       0x18 /Applications/VEXcode Pro V5.app/Contents/Resources/sdk/vexv5/libv5rt.a(vex_vision.cpp.obj)
                0x000000000380414c                vex::vision::installed()
 .text._ZN3vex6visionD2Ev
                0x0000000003804164       0x38 /Applications/VEXcode Pro V5.app/Contents/Resources/sdk/vexv5/libv5rt.a(vex_vision.cpp.obj)
                0x0000000003804164                vex::vision::~vision()
                0x0000000003804164                vex::vision::~vision()
 .text._ZN3vex6visionD0Ev
                0x000000000380419c       0x1c /Applications/VEXcode Pro V5.app/Contents/Resources/sdk/vexv5/libv5rt.a(vex_vision.cpp.obj)
                0x000000000380419c                vex::vision::~vision()
 .text._ZN3vex6vision12setSignatureERNS0_9signatureE
                0x00000000038041b8       0x70 /Applications/VEXcode Pro V5.app/Contents/Resources/sdk/vexv5/libv5rt.a(vex_vision.cpp.obj)
                0x00000000038041b8                vex::vision::setSignature(vex::vision::signature&)
 .text._ZN3vex6vision7setModeENS0_13detectionModeE
                0x0000000003804228       0x18 /Applications/VEXcode Pro V5.app/Contents/Resources/sdk/vexv5/libv5rt.a(vex_vision.cpp.obj)
                0x0000000003804228                vex::vision::setMode(vex::vision::detectionMode)
 .text._ZN3vex6vision13setBrightnessEh
                0x0000000003804240       0x30 /Applications/VEXcode Pro V5.app/Contents/Resources/sdk/vexv5/libv5rt.a(vex_vision.cpp.obj)
                0x0000000003804240                vex::vision::setBrightness(unsigned char)
 .text._ZN3vex6vision10setLedModeENS0_7ledModeE
                0x0000000003804270       0x18 /Applications/VEXcode Pro V5.app/Contents/Resources/sdk/vexv5/libv5rt.a(vex_vision.cpp.obj)
                0x0000000003804270                vex::vision::setLedMode(vex::vision::ledMode)
 .text._ZN3vex6vision11setLedColorEhhh
                0x0000000003804288       0x30 /Applications/VEXcode Pro V5.app/Contents/Resources/sdk/vexv5/libv5rt.a(vex_vision.cpp.obj)
                0x0000000003804288                vex::vision::setLedColor(unsigned char, unsigned char, unsigned char)
 .text._ZN3vex6vision9signatureD2Ev
                0x00000000038042b8        0x4 /Applications/VEXcode Pro V5.app/Contents/Resources/sdk/vexv5/libv5rt.a(vex_vision.cpp.obj)
                0x00000000038042b8                vex::vision::signature::~signature()
                0x00000000038042b8                vex::vision::signature::~signature()
 .text._ZN3vex6vision9signature5clearEv
                0x00000000038042bc       0x38 /Applications/VEXcode Pro V5.app/Contents/Resources/sdk/vexv5/libv5rt.a(vex_vision.cpp.obj)
                0x00000000038042bc                vex::vision::signature::clear()
 .text._ZN3vex6vision9signatureC2Ev
                0x00000000038042f4       0x60 /Applications/VEXcode Pro V5.app/Contents/Resources/sdk/vexv5/libv5rt.a(vex_vision.cpp.obj)
                0x00000000038042f4                vex::vision::signature::signature()
                0x00000000038042f4                vex::vision::signature::signature()
 .text._ZN3vex6vision9signatureC2Elllllllfl
                0x0000000003804354       0x5c /Applications/VEXcode Pro V5.app/Contents/Resources/sdk/vexv5/libv5rt.a(vex_vision.cpp.obj)
                0x0000000003804354                vex::vision::signature::signature(long, long, long, long, long, long, long, float, long)
                0x0000000003804354                vex::vision::signature::signature(long, long, long, long, long, long, long, float, long)
 .text._ZN3vex6vision6object3setE22_V5_DeviceVisionObject
                0x00000000038043b0       0x78 /Applications/VEXcode Pro V5.app/Contents/Resources/sdk/vexv5/libv5rt.a(vex_vision.cpp.obj)
                0x00000000038043b0                vex::vision::object::set(_V5_DeviceVisionObject)
 .text._ZN3vex6vision6object5clearEv
                0x0000000003804428       0x38 /Applications/VEXcode Pro V5.app/Contents/Resources/sdk/vexv5/libv5rt.a(vex_vision.cpp.obj)
                0x0000000003804428                vex::vision::object::clear()
 .text._ZN3vex6vision6objectC2Ev
                0x0000000003804460       0x58 /Applications/VEXcode Pro V5.app/Contents/Resources/sdk/vexv5/libv5rt.a(vex_vision.cpp.obj)
                0x0000000003804460                vex::vision::object::object()
                0x0000000003804460                vex::vision::object::object()
 .text._ZN3vex6vision13_clearObjectsEv
                0x00000000038044b8       0x40 /Applications/VEXcode Pro V5.app/Contents/Resources/sdk/vexv5/libv5rt.a(vex_vision.cpp.obj)
                0x00000000038044b8                vex::vision::_clearObjects()
 .text._ZN3vex6vision6objectaSERKS1_
                0x00000000038044f8       0x74 /Applications/VEXcode Pro V5.app/Contents/Resources/sdk/vexv5/libv5rt.a(vex_vision.cpp.obj)
                0x00000000038044f8                vex::vision::object::operator=(vex::vision::object const&)
 .text._ZN3vex6vision12takeSnapshotEmm
                0x000000000380456c       0xf4 /Applications/VEXcode Pro V5.app/Contents/Resources/sdk/vexv5/libv5rt.a(vex_vision.cpp.obj)
                0x000000000380456c                vex::vision::takeSnapshot(unsigned long, unsigned long)
 .text._ZN3vex6vision12takeSnapshotEm
                0x0000000003804660        0x8 /Applications/VEXcode Pro V5.app/Contents/Resources/sdk/vexv5/libv5rt.a(vex_vision.cpp.obj)
                0x0000000003804660                vex::vision::takeSnapshot(unsigned long)
 .text._ZN3vex6vision5valueEv
                0x0000000003804668        0x8 /Applications/VEXcode Pro V5.app/Contents/Resources/sdk/vexv5/libv5rt.a(vex_vision.cpp.obj)
                0x0000000003804668                vex::vision::value()
 .text._ZN3vex6vision12takeSnapshotERNS0_9signatureE
                0x0000000003804670       0x10 /Applications/VEXcode Pro V5.app/Contents/Resources/sdk/vexv5/libv5rt.a(vex_vision.cpp.obj)
                0x0000000003804670                vex::vision::takeSnapshot(vex::vision::signature&)
 .text._ZN3vex6vision6objectaSEl
                0x0000000003804680       0x38 /Applications/VEXcode Pro V5.app/Contents/Resources/sdk/vexv5/libv5rt.a(vex_vision.cpp.obj)
                0x0000000003804680                vex::vision::object::operator=(long)
 .text._ZN3vex6visionC2El
                0x00000000038046b8       0xa4 /Applications/VEXcode Pro V5.app/Contents/Resources/sdk/vexv5/libv5rt.a(vex_vision.cpp.obj)
                0x00000000038046b8                vex::vision::vision(long)
                0x00000000038046b8                vex::vision::vision(long)
 *fill*         0x000000000380475c        0x4 
 .text._ZN3vex8inertial10setHeadingEdNS_13rotationUnitsE
                0x0000000003804760       0x58 /Applications/VEXcode Pro V5.app/Contents/Resources/sdk/vexv5/libv5rt.a(vex_imu.cpp.obj)
                0x0000000003804760                vex::inertial::setHeading(double, vex::rotationUnits)
 .text._ZThn16_N3vex8inertial10setHeadingEdNS_13rotationUnitsE
                0x00000000038047b8        0x8 /Applications/VEXcode Pro V5.app/Contents/Resources/sdk/vexv5/libv5rt.a(vex_imu.cpp.obj)
                0x00000000038047b8                non-virtual thunk to vex::inertial::setHeading(double, vex::rotationUnits)
 .text._ZN3vex8inertial11setRotationEdNS_13rotationUnitsE
                0x00000000038047c0       0x58 /Applications/VEXcode Pro V5.app/Contents/Resources/sdk/vexv5/libv5rt.a(vex_imu.cpp.obj)
                0x00000000038047c0                vex::inertial::setRotation(double, vex::rotationUnits)
 .text._ZThn16_N3vex8inertial11setRotationEdNS_13rotationUnitsE
                0x0000000003804818        0x8 /Applications/VEXcode Pro V5.app/Contents/Resources/sdk/vexv5/libv5rt.a(vex_imu.cpp.obj)
                0x0000000003804818                non-virtual thunk to vex::inertial::setRotation(double, vex::rotationUnits)
 .text._ZN3vex8inertialD2Ev
                0x0000000003804820       0x20 /Applications/VEXcode Pro V5.app/Contents/Resources/sdk/vexv5/libv5rt.a(vex_imu.cpp.obj)
                0x0000000003804820                vex::inertial::~inertial()
                0x0000000003804820                vex::inertial::~inertial()
 .text._ZThn16_N3vex8inertialD1Ev
                0x0000000003804840        0x8 /Applications/VEXcode Pro V5.app/Contents/Resources/sdk/vexv5/libv5rt.a(vex_imu.cpp.obj)
                0x0000000003804840                non-virtual thunk to vex::inertial::~inertial()
 .text._ZN3vex8inertialD0Ev
                0x0000000003804848       0x1c /Applications/VEXcode Pro V5.app/Contents/Resources/sdk/vexv5/libv5rt.a(vex_imu.cpp.obj)
                0x0000000003804848                vex::inertial::~inertial()
 .text._ZThn16_N3vex8inertialD0Ev
                0x0000000003804864        0x8 /Applications/VEXcode Pro V5.app/Contents/Resources/sdk/vexv5/libv5rt.a(vex_imu.cpp.obj)
                0x0000000003804864                non-virtual thunk to vex::inertial::~inertial()
 .text._ZN3vex8inertial9installedEv
                0x000000000380486c       0x18 /Applications/VEXcode Pro V5.app/Contents/Resources/sdk/vexv5/libv5rt.a(vex_imu.cpp.obj)
                0x000000000380486c                vex::inertial::installed()
 .text._ZN3vex8inertial5angleENS_13rotationUnitsE
                0x0000000003804884       0x60 /Applications/VEXcode Pro V5.app/Contents/Resources/sdk/vexv5/libv5rt.a(vex_imu.cpp.obj)
                0x0000000003804884                vex::inertial::angle(vex::rotationUnits)
 .text._ZThn16_N3vex8inertial5angleENS_13rotationUnitsE
                0x00000000038048e4        0x8 /Applications/VEXcode Pro V5.app/Contents/Resources/sdk/vexv5/libv5rt.a(vex_imu.cpp.obj)
                0x00000000038048e4                non-virtual thunk to vex::inertial::angle(vex::rotationUnits)
 .text._ZN3vex8inertial7headingENS_13rotationUnitsE
                0x00000000038048ec        0x4 /Applications/VEXcode Pro V5.app/Contents/Resources/sdk/vexv5/libv5rt.a(vex_imu.cpp.obj)
                0x00000000038048ec                vex::inertial::heading(vex::rotationUnits)
 .text._ZThn16_N3vex8inertial7headingENS_13rotationUnitsE
                0x00000000038048f0        0x8 /Applications/VEXcode Pro V5.app/Contents/Resources/sdk/vexv5/libv5rt.a(vex_imu.cpp.obj)
                0x00000000038048f0                non-virtual thunk to vex::inertial::heading(vex::rotationUnits)
 .text._ZN3vex8inertial5valueEv
                0x00000000038048f8       0x1c /Applications/VEXcode Pro V5.app/Contents/Resources/sdk/vexv5/libv5rt.a(vex_imu.cpp.obj)
                0x00000000038048f8                vex::inertial::value()
 *fill*         0x0000000003804914        0x4 
 .text._ZN3vex8inertial8rotationENS_13rotationUnitsE
                0x0000000003804918       0x40 /Applications/VEXcode Pro V5.app/Contents/Resources/sdk/vexv5/libv5rt.a(vex_imu.cpp.obj)
                0x0000000003804918                vex::inertial::rotation(vex::rotationUnits)
 .text._ZThn16_N3vex8inertial8rotationENS_13rotationUnitsE
                0x0000000003804958        0x8 /Applications/VEXcode Pro V5.app/Contents/Resources/sdk/vexv5/libv5rt.a(vex_imu.cpp.obj)
                0x0000000003804958                non-virtual thunk to vex::inertial::rotation(vex::rotationUnits)
 .text._ZN3vex8inertial13isCalibratingEv
                0x0000000003804960       0x38 /Applications/VEXcode Pro V5.app/Contents/Resources/sdk/vexv5/libv5rt.a(vex_imu.cpp.obj)
                0x0000000003804960                vex::inertial::isCalibrating()
 .text._ZThn16_N3vex8inertial13isCalibratingEv
                0x0000000003804998        0x8 /Applications/VEXcode Pro V5.app/Contents/Resources/sdk/vexv5/libv5rt.a(vex_imu.cpp.obj)
                0x0000000003804998                non-virtual thunk to vex::inertial::isCalibrating()
 .text._ZN3vex8inertialC2El
                0x00000000038049a0       0x48 /Applications/VEXcode Pro V5.app/Contents/Resources/sdk/vexv5/libv5rt.a(vex_imu.cpp.obj)
                0x00000000038049a0                vex::inertial::inertial(long)
                0x00000000038049a0                vex::inertial::inertial(long)
 .text._ZN3vex8inertial13resetRotationEv
                0x00000000038049e8       0x20 /Applications/VEXcode Pro V5.app/Contents/Resources/sdk/vexv5/libv5rt.a(vex_imu.cpp.obj)
                0x00000000038049e8                vex::inertial::resetRotation()
 .text._ZN3vex8inertial16startCalibrationEl
                0x0000000003804a08       0x20 /Applications/VEXcode Pro V5.app/Contents/Resources/sdk/vexv5/libv5rt.a(vex_imu.cpp.obj)
                0x0000000003804a08                vex::inertial::startCalibration(long)
 .text._ZN3vex8inertial9calibrateEl
                0x0000000003804a28        0xc /Applications/VEXcode Pro V5.app/Contents/Resources/sdk/vexv5/libv5rt.a(vex_imu.cpp.obj)
                0x0000000003804a28                vex::inertial::calibrate(long)
                0x0000000003804a2c                non-virtual thunk to vex::inertial::calibrate(long)
 *fill*         0x0000000003804a34        0x4 
 .text._ZN3vex3gps10setHeadingEdNS_13rotationUnitsE
                0x0000000003804a38       0x58 /Applications/VEXcode Pro V5.app/Contents/Resources/sdk/vexv5/libv5rt.a(vex_gps.cpp.obj)
                0x0000000003804a38                vex::gps::setHeading(double, vex::rotationUnits)
 .text._ZThn16_N3vex3gps10setHeadingEdNS_13rotationUnitsE
                0x0000000003804a90        0x8 /Applications/VEXcode Pro V5.app/Contents/Resources/sdk/vexv5/libv5rt.a(vex_gps.cpp.obj)
                0x0000000003804a90                non-virtual thunk to vex::gps::setHeading(double, vex::rotationUnits)
 .text._ZN3vex3gps11setRotationEdNS_13rotationUnitsE
                0x0000000003804a98       0x58 /Applications/VEXcode Pro V5.app/Contents/Resources/sdk/vexv5/libv5rt.a(vex_gps.cpp.obj)
                0x0000000003804a98                vex::gps::setRotation(double, vex::rotationUnits)
 .text._ZThn16_N3vex3gps11setRotationEdNS_13rotationUnitsE
                0x0000000003804af0        0x8 /Applications/VEXcode Pro V5.app/Contents/Resources/sdk/vexv5/libv5rt.a(vex_gps.cpp.obj)
                0x0000000003804af0                non-virtual thunk to vex::gps::setRotation(double, vex::rotationUnits)
 .text._ZN3vex3gpsD2Ev
                0x0000000003804af8       0x20 /Applications/VEXcode Pro V5.app/Contents/Resources/sdk/vexv5/libv5rt.a(vex_gps.cpp.obj)
                0x0000000003804af8                vex::gps::~gps()
                0x0000000003804af8                vex::gps::~gps()
 .text._ZThn16_N3vex3gpsD1Ev
                0x0000000003804b18        0x8 /Applications/VEXcode Pro V5.app/Contents/Resources/sdk/vexv5/libv5rt.a(vex_gps.cpp.obj)
                0x0000000003804b18                non-virtual thunk to vex::gps::~gps()
 .text._ZN3vex3gpsD0Ev
                0x0000000003804b20       0x1c /Applications/VEXcode Pro V5.app/Contents/Resources/sdk/vexv5/libv5rt.a(vex_gps.cpp.obj)
                0x0000000003804b20                vex::gps::~gps()
 .text._ZThn16_N3vex3gpsD0Ev
                0x0000000003804b3c        0x8 /Applications/VEXcode Pro V5.app/Contents/Resources/sdk/vexv5/libv5rt.a(vex_gps.cpp.obj)
                0x0000000003804b3c                non-virtual thunk to vex::gps::~gps()
 .text._ZN3vex3gps9installedEv
                0x0000000003804b44       0x18 /Applications/VEXcode Pro V5.app/Contents/Resources/sdk/vexv5/libv5rt.a(vex_gps.cpp.obj)
                0x0000000003804b44                vex::gps::installed()
 .text._ZN3vex3gps5angleENS_13rotationUnitsE
                0x0000000003804b5c       0x78 /Applications/VEXcode Pro V5.app/Contents/Resources/sdk/vexv5/libv5rt.a(vex_gps.cpp.obj)
                0x0000000003804b5c                vex::gps::angle(vex::rotationUnits)
 .text._ZThn16_N3vex3gps5angleENS_13rotationUnitsE
                0x0000000003804bd4        0x8 /Applications/VEXcode Pro V5.app/Contents/Resources/sdk/vexv5/libv5rt.a(vex_gps.cpp.obj)
                0x0000000003804bd4                non-virtual thunk to vex::gps::angle(vex::rotationUnits)
 .text._ZN3vex3gps7headingENS_13rotationUnitsE
                0x0000000003804bdc        0x4 /Applications/VEXcode Pro V5.app/Contents/Resources/sdk/vexv5/libv5rt.a(vex_gps.cpp.obj)
                0x0000000003804bdc                vex::gps::heading(vex::rotationUnits)
 .text._ZThn16_N3vex3gps7headingENS_13rotationUnitsE
                0x0000000003804be0        0x8 /Applications/VEXcode Pro V5.app/Contents/Resources/sdk/vexv5/libv5rt.a(vex_gps.cpp.obj)
                0x0000000003804be0                non-virtual thunk to vex::gps::heading(vex::rotationUnits)
 .text._ZN3vex3gps5valueEv
                0x0000000003804be8       0x1c /Applications/VEXcode Pro V5.app/Contents/Resources/sdk/vexv5/libv5rt.a(vex_gps.cpp.obj)
                0x0000000003804be8                vex::gps::value()
 *fill*         0x0000000003804c04        0x4 
 .text._ZN3vex3gps8rotationENS_13rotationUnitsE
                0x0000000003804c08       0x58 /Applications/VEXcode Pro V5.app/Contents/Resources/sdk/vexv5/libv5rt.a(vex_gps.cpp.obj)
                0x0000000003804c08                vex::gps::rotation(vex::rotationUnits)
 .text._ZThn16_N3vex3gps8rotationENS_13rotationUnitsE
                0x0000000003804c60        0x8 /Applications/VEXcode Pro V5.app/Contents/Resources/sdk/vexv5/libv5rt.a(vex_gps.cpp.obj)
                0x0000000003804c60                non-virtual thunk to vex::gps::rotation(vex::rotationUnits)
 .text._ZN3vex3gps13isCalibratingEv
                0x0000000003804c68       0x38 /Applications/VEXcode Pro V5.app/Contents/Resources/sdk/vexv5/libv5rt.a(vex_gps.cpp.obj)
                0x0000000003804c68                vex::gps::isCalibrating()
 .text._ZThn16_N3vex3gps13isCalibratingEv
                0x0000000003804ca0        0x8 /Applications/VEXcode Pro V5.app/Contents/Resources/sdk/vexv5/libv5rt.a(vex_gps.cpp.obj)
                0x0000000003804ca0                non-virtual thunk to vex::gps::isCalibrating()
 .text._ZN3vex3gps17setSensorRotationEd
                0x0000000003804ca8        0x8 /Applications/VEXcode Pro V5.app/Contents/Resources/sdk/vexv5/libv5rt.a(vex_gps.cpp.obj)
                0x0000000003804ca8                vex::gps::setSensorRotation(double)
 .text._ZN3vex3gpsC2Eld
                0x0000000003804cb0       0x70 /Applications/VEXcode Pro V5.app/Contents/Resources/sdk/vexv5/libv5rt.a(vex_gps.cpp.obj)
                0x0000000003804cb0                vex::gps::gps(long, double)
                0x0000000003804cb0                vex::gps::gps(long, double)
 .text._ZN3vex3gps9xPositionENS_13distanceUnitsE
                0x0000000003804d20       0x70 /Applications/VEXcode Pro V5.app/Contents/Resources/sdk/vexv5/libv5rt.a(vex_gps.cpp.obj)
                0x0000000003804d20                vex::gps::xPosition(vex::distanceUnits)
 .text._ZN3vex3gps9yPositionENS_13distanceUnitsE
                0x0000000003804d90       0x70 /Applications/VEXcode Pro V5.app/Contents/Resources/sdk/vexv5/libv5rt.a(vex_gps.cpp.obj)
                0x0000000003804d90                vex::gps::yPosition(vex::distanceUnits)
 .text._ZN3vex3gps16startCalibrationEl
                0x0000000003804e00       0x48 /Applications/VEXcode Pro V5.app/Contents/Resources/sdk/vexv5/libv5rt.a(vex_gps.cpp.obj)
                0x0000000003804e00                vex::gps::startCalibration(long)
 .text._ZN3vex3gps9calibrateEl
                0x0000000003804e48        0xc /Applications/VEXcode Pro V5.app/Contents/Resources/sdk/vexv5/libv5rt.a(vex_gps.cpp.obj)
                0x0000000003804e48                vex::gps::calibrate(long)
                0x0000000003804e4c                non-virtual thunk to vex::gps::calibrate(long)
 .text._ZN3vex10controllerD2Ev
                0x0000000003804e54        0x4 /Applications/VEXcode Pro V5.app/Contents/Resources/sdk/vexv5/libv5rt.a(vex_controller.cpp.obj)
                0x0000000003804e54                vex::controller::~controller()
                0x0000000003804e54                vex::controller::~controller()
 .text._ZN3vex10controller5valueE19_V5_ControllerIndex
                0x0000000003804e58        0x8 /Applications/VEXcode Pro V5.app/Contents/Resources/sdk/vexv5/libv5rt.a(vex_controller.cpp.obj)
                0x0000000003804e58                vex::controller::value(_V5_ControllerIndex)
 .text._ZN3vex10controller6button8pressingEv
                0x0000000003804e60       0xc8 /Applications/VEXcode Pro V5.app/Contents/Resources/sdk/vexv5/libv5rt.a(vex_controller.cpp.obj)
                0x0000000003804e60                vex::controller::button::pressing()
 .text._ZN3vex10controller6button7pressedEPFvvE
                0x0000000003804f28      0x108 /Applications/VEXcode Pro V5.app/Contents/Resources/sdk/vexv5/libv5rt.a(vex_controller.cpp.obj)
                0x0000000003804f28                vex::controller::button::pressed(void (*)())
 .text._ZN3vex10controller6button21_buttonToPressedEventEv
                0x0000000003805030       0x20 /Applications/VEXcode Pro V5.app/Contents/Resources/sdk/vexv5/libv5rt.a(vex_controller.cpp.obj)
                0x0000000003805030                vex::controller::button::_buttonToPressedEvent()
 .text._ZN3vex10controller6button22_buttonToReleasedEventEv
                0x0000000003805050       0x20 /Applications/VEXcode Pro V5.app/Contents/Resources/sdk/vexv5/libv5rt.a(vex_controller.cpp.obj)
                0x0000000003805050                vex::controller::button::_buttonToReleasedEvent()
 .text._ZN3vex10controller6buttonC2ENS0_11tButtonTypeEPS0_
                0x0000000003805070       0x48 /Applications/VEXcode Pro V5.app/Contents/Resources/sdk/vexv5/libv5rt.a(vex_controller.cpp.obj)
                0x0000000003805070                vex::controller::button::button(vex::controller::tButtonType, vex::controller*)
                0x0000000003805070                vex::controller::button::button(vex::controller::tButtonType, vex::controller*)
 .text._ZN3vex10controller4axis5valueEv
                0x00000000038050b8       0x58 /Applications/VEXcode Pro V5.app/Contents/Resources/sdk/vexv5/libv5rt.a(vex_controller.cpp.obj)
                0x00000000038050b8                vex::controller::axis::value()
 .text._ZN3vex10controller4axis23_joystickToChangedEventEv
                0x0000000003805110       0x20 /Applications/VEXcode Pro V5.app/Contents/Resources/sdk/vexv5/libv5rt.a(vex_controller.cpp.obj)
                0x0000000003805110                vex::controller::axis::_joystickToChangedEvent()
 .text._ZN3vex10controller4axisC2ENS0_9tAxisTypeEPS0_
                0x0000000003805130       0x2c /Applications/VEXcode Pro V5.app/Contents/Resources/sdk/vexv5/libv5rt.a(vex_controller.cpp.obj)
                0x0000000003805130                vex::controller::axis::axis(vex::controller::tAxisType, vex::controller*)
                0x0000000003805130                vex::controller::axis::axis(vex::controller::tAxisType, vex::controller*)
 .text._ZN3vex10controllerC2ENS_14controllerTypeE
                0x000000000380515c      0x204 /Applications/VEXcode Pro V5.app/Contents/Resources/sdk/vexv5/libv5rt.a(vex_controller.cpp.obj)
                0x000000000380515c                vex::controller::controller(vex::controllerType)
                0x000000000380515c                vex::controller::controller(vex::controllerType)
 .text._ZN3vex10controller3lcd15getControllerIdEv
                0x0000000003805360       0x10 /Applications/VEXcode Pro V5.app/Contents/Resources/sdk/vexv5/libv5rt.a(vex_controller.cpp.obj)
                0x0000000003805360                vex::controller::lcd::getControllerId()
 .text._ZN3vex10controller3lcd9setCursorEll
                0x0000000003805370       0x40 /Applications/VEXcode Pro V5.app/Contents/Resources/sdk/vexv5/libv5rt.a(vex_controller.cpp.obj)
                0x0000000003805370                vex::controller::lcd::setCursor(long, long)
 .text._ZN3vex10controller3lcd5printEPKcz
                0x00000000038053b0       0x80 /Applications/VEXcode Pro V5.app/Contents/Resources/sdk/vexv5/libv5rt.a(vex_controller.cpp.obj)
                0x00000000038053b0                vex::controller::lcd::print(char const*, ...)
 .text._ZN3vex10controller3lcd9clearLineEi
                0x0000000003805430       0x80 /Applications/VEXcode Pro V5.app/Contents/Resources/sdk/vexv5/libv5rt.a(vex_controller.cpp.obj)
                0x0000000003805430                vex::controller::lcd::clearLine(int)
 .text._ZN3vex4taskC2EPFivE
                0x00000000038054b0       0x5c /Applications/VEXcode Pro V5.app/Contents/Resources/sdk/vexv5/libv5rt.a(vex_task.cpp.obj)
                0x00000000038054b0                vex::task::task(int (*)())
                0x00000000038054b0                vex::task::task(int (*)())
 .text._ZN3vex4taskD2Ev
                0x000000000380550c        0x4 /Applications/VEXcode Pro V5.app/Contents/Resources/sdk/vexv5/libv5rt.a(vex_task.cpp.obj)
                0x000000000380550c                vex::task::~task()
                0x000000000380550c                vex::task::~task()
 .text._ZN3vex4task4stopERKS0_
                0x0000000003805510       0x18 /Applications/VEXcode Pro V5.app/Contents/Resources/sdk/vexv5/libv5rt.a(vex_task.cpp.obj)
                0x0000000003805510                vex::task::stop(vex::task const&)
 .text._ZN3vex4task6_indexEPFivE
                0x0000000003805528       0x14 /Applications/VEXcode Pro V5.app/Contents/Resources/sdk/vexv5/libv5rt.a(vex_task.cpp.obj)
                0x0000000003805528                vex::task::_index(int (*)())
 .text._ZN3vex4task8_stopAllEv
                0x000000000380553c       0x3c /Applications/VEXcode Pro V5.app/Contents/Resources/sdk/vexv5/libv5rt.a(vex_task.cpp.obj)
                0x000000000380553c                vex::task::_stopAll()
 .text._ZN3vex11this_thread9sleep_forEm
                0x0000000003805578        0x4 /Applications/VEXcode Pro V5.app/Contents/Resources/sdk/vexv5/libv5rt.a(vex_thread.cpp.obj)
                0x0000000003805578                vex::this_thread::sleep_for(unsigned long)
 .text._ZN3vex5event4initEmmPFvvE
                0x000000000380557c        0x4 /Applications/VEXcode Pro V5.app/Contents/Resources/sdk/vexv5/libv5rt.a(vex_event.cpp.obj)
                0x000000000380557c                vex::event::init(unsigned long, unsigned long, void (*)())
 .text._ZN3vex5event4initEmmPFvPvES1_
                0x0000000003805580        0x4 /Applications/VEXcode Pro V5.app/Contents/Resources/sdk/vexv5/libv5rt.a(vex_event.cpp.obj)
                0x0000000003805580                vex::event::init(unsigned long, unsigned long, void (*)(void*), void*)
 .text._ZN3vex5event9userindexEv
                0x0000000003805584        0x4 /Applications/VEXcode Pro V5.app/Contents/Resources/sdk/vexv5/libv5rt.a(vex_event.cpp.obj)
                0x0000000003805584                vex::event::userindex()
 .text._ZZN3vex6meventC4EmmENUlvE_4_FUNEv
                0x0000000003805588        0x4 /Applications/VEXcode Pro V5.app/Contents/Resources/sdk/vexv5/libv5rt.a(vex_mevent.cpp.obj)
 .text._ZN3vex6meventC2Emm
                0x000000000380558c       0x70 /Applications/VEXcode Pro V5.app/Contents/Resources/sdk/vexv5/libv5rt.a(vex_mevent.cpp.obj)
                0x000000000380558c                vex::mevent::mevent(unsigned long, unsigned long)
                0x000000000380558c                vex::mevent::mevent(unsigned long, unsigned long)
 .text._ZN3vex5brain9_getIndexEv
                0x00000000038055fc       0x10 /Applications/VEXcode Pro V5.app/Contents/Resources/sdk/vexv5/libv5rt.a(vex_brain.cpp.obj)
                0x00000000038055fc                vex::brain::_getIndex()
 .text._ZN3vex5brain5timerENS_9timeUnitsE
                0x000000000380560c        0x4 /Applications/VEXcode Pro V5.app/Contents/Resources/sdk/vexv5/libv5rt.a(vex_brain.cpp.obj)
                0x000000000380560c                vex::brain::timer(vex::timeUnits)
 .text._ZN3vex5brain3lcd9setCursorEll
                0x0000000003805610       0x44 /Applications/VEXcode Pro V5.app/Contents/Resources/sdk/vexv5/libv5rt.a(vex_brain.cpp.obj)
                0x0000000003805610                vex::brain::lcd::setCursor(long, long)
 .text._ZN3vex5brain3lcd7setFontENS_8fontTypeE
                0x0000000003805654      0x23c /Applications/VEXcode Pro V5.app/Contents/Resources/sdk/vexv5/libv5rt.a(vex_brain.cpp.obj)
                0x0000000003805654                vex::brain::lcd::setFont(vex::fontType)
 .text._ZN3vex5brain3lcdC2Ev
                0x0000000003805890       0x94 /Applications/VEXcode Pro V5.app/Contents/Resources/sdk/vexv5/libv5rt.a(vex_brain.cpp.obj)
                0x0000000003805890                vex::brain::lcd::lcd()
                0x0000000003805890                vex::brain::lcd::lcd()
 .text._ZN3vex5brainC2Ev
                0x0000000003805924       0x38 /Applications/VEXcode Pro V5.app/Contents/Resources/sdk/vexv5/libv5rt.a(vex_brain.cpp.obj)
                0x0000000003805924                vex::brain::brain()
                0x0000000003805924                vex::brain::brain()
 .text._ZN3vex5brain3lcd12_clearScreenEm
                0x000000000380595c       0x38 /Applications/VEXcode Pro V5.app/Contents/Resources/sdk/vexv5/libv5rt.a(vex_brain.cpp.obj)
                0x000000000380595c                vex::brain::lcd::_clearScreen(unsigned long)
 .text._ZN3vex5brain3lcd11clearScreenERKNS_5colorE
                0x0000000003805994       0x20 /Applications/VEXcode Pro V5.app/Contents/Resources/sdk/vexv5/libv5rt.a(vex_brain.cpp.obj)
                0x0000000003805994                vex::brain::lcd::clearScreen(vex::color const&)
 .text._ZN3vex5brain3lcd11clearScreenEv
                0x00000000038059b4       0x2c /Applications/VEXcode Pro V5.app/Contents/Resources/sdk/vexv5/libv5rt.a(vex_brain.cpp.obj)
                0x00000000038059b4                vex::brain::lcd::clearScreen()
 .text._ZN3vex5brain3lcd7newLineEv
                0x00000000038059e0       0x20 /Applications/VEXcode Pro V5.app/Contents/Resources/sdk/vexv5/libv5rt.a(vex_brain.cpp.obj)
                0x00000000038059e0                vex::brain::lcd::newLine()
 .text._ZN3vex5brain3lcd7pressedEPFvvE
                0x0000000003805a00       0x1c /Applications/VEXcode Pro V5.app/Contents/Resources/sdk/vexv5/libv5rt.a(vex_brain.cpp.obj)
                0x0000000003805a00                vex::brain::lcd::pressed(void (*)())
 .text._ZN3vex5brain3lcd10rowToPixelEl
                0x0000000003805a1c       0x34 /Applications/VEXcode Pro V5.app/Contents/Resources/sdk/vexv5/libv5rt.a(vex_brain.cpp.obj)
                0x0000000003805a1c                vex::brain::lcd::rowToPixel(long)
 .text._ZN3vex5brain3lcd9clearLineEv
                0x0000000003805a50       0x38 /Applications/VEXcode Pro V5.app/Contents/Resources/sdk/vexv5/libv5rt.a(vex_brain.cpp.obj)
                0x0000000003805a50                vex::brain::lcd::clearLine()
 .text._ZN3vex5brain3lcd5printEPKcz
                0x0000000003805a88       0xb8 /Applications/VEXcode Pro V5.app/Contents/Resources/sdk/vexv5/libv5rt.a(vex_brain.cpp.obj)
                0x0000000003805a88                vex::brain::lcd::print(char const*, ...)
 .text._ZN3vex5brainD2Ev
                0x0000000003805b40       0x20 /Applications/VEXcode Pro V5.app/Contents/Resources/sdk/vexv5/libv5rt.a(vex_brain.cpp.obj)
                0x0000000003805b40                vex::brain::~brain()
                0x0000000003805b40                vex::brain::~brain()
 .text._ZN3vex11competition11_autonomousEv
                0x0000000003805b60       0x90 /Applications/VEXcode Pro V5.app/Contents/Resources/sdk/vexv5/libv5rt.a(vex_competition.cpp.obj)
                0x0000000003805b60                vex::competition::_autonomous()
 .text._ZN3vex11competition14_drivercontrolEv
                0x0000000003805bf0       0x90 /Applications/VEXcode Pro V5.app/Contents/Resources/sdk/vexv5/libv5rt.a(vex_competition.cpp.obj)
                0x0000000003805bf0                vex::competition::_drivercontrol()
 .text._ZN3vex11competition8_disableEPv
                0x0000000003805c80       0xc8 /Applications/VEXcode Pro V5.app/Contents/Resources/sdk/vexv5/libv5rt.a(vex_competition.cpp.obj)
                0x0000000003805c80                vex::competition::_disable(void*)
 .text._ZN3vex11competitionC2Ev
                0x0000000003805d48      0x13c /Applications/VEXcode Pro V5.app/Contents/Resources/sdk/vexv5/libv5rt.a(vex_competition.cpp.obj)
                0x0000000003805d48                vex::competition::competition()
                0x0000000003805d48                vex::competition::competition()
 .text._ZN3vex11competitionD2Ev
                0x0000000003805e84        0x4 /Applications/VEXcode Pro V5.app/Contents/Resources/sdk/vexv5/libv5rt.a(vex_competition.cpp.obj)
                0x0000000003805e84                vex::competition::~competition()
                0x0000000003805e84                vex::competition::~competition()
 .text._ZN3vex11competition10autonomousEPFvvE
                0x0000000003805e88       0x44 /Applications/VEXcode Pro V5.app/Contents/Resources/sdk/vexv5/libv5rt.a(vex_competition.cpp.obj)
                0x0000000003805e88                vex::competition::autonomous(void (*)())
 .text._ZN3vex11competition13drivercontrolEPFvvE
                0x0000000003805ecc       0x44 /Applications/VEXcode Pro V5.app/Contents/Resources/sdk/vexv5/libv5rt.a(vex_competition.cpp.obj)
                0x0000000003805ecc                vex::competition::drivercontrol(void (*)())
 .text._ZN3vex7triportD2Ev
                0x0000000003805f10       0x38 /Applications/VEXcode Pro V5.app/Contents/Resources/sdk/vexv5/libv5rt.a(vex_triport.cpp.obj)
                0x0000000003805f10                vex::triport::~triport()
                0x0000000003805f10                vex::triport::~triport()
 .text._ZN3vex7triportD0Ev
                0x0000000003805f48       0x1c /Applications/VEXcode Pro V5.app/Contents/Resources/sdk/vexv5/libv5rt.a(vex_triport.cpp.obj)
                0x0000000003805f48                vex::triport::~triport()
 .text._ZN3vex7triport9installedEv
                0x0000000003805f64       0x18 /Applications/VEXcode Pro V5.app/Contents/Resources/sdk/vexv5/libv5rt.a(vex_triport.cpp.obj)
                0x0000000003805f64                vex::triport::installed()
 .text._ZN3vex7triport4portC2ElPS0_
                0x0000000003805f7c       0x74 /Applications/VEXcode Pro V5.app/Contents/Resources/sdk/vexv5/libv5rt.a(vex_triport.cpp.obj)
                0x0000000003805f7c                vex::triport::port::port(long, vex::triport*)
                0x0000000003805f7c                vex::triport::port::port(long, vex::triport*)
 .text._ZN3vex7triportC2El
                0x0000000003805ff0       0xf0 /Applications/VEXcode Pro V5.app/Contents/Resources/sdk/vexv5/libv5rt.a(vex_triport.cpp.obj)
                0x0000000003805ff0                vex::triport::triport(long)
                0x0000000003805ff0                vex::triport::triport(long)
 .text._ZN3vex7triport4port4typeENS_11triportTypeE
                0x00000000038060e0       0x30 /Applications/VEXcode Pro V5.app/Contents/Resources/sdk/vexv5/libv5rt.a(vex_triport.cpp.obj)
                0x00000000038060e0                vex::triport::port::type(vex::triportType)
 .text._ZN3vex7triport4port4typeEv
                0x0000000003806110       0x38 /Applications/VEXcode Pro V5.app/Contents/Resources/sdk/vexv5/libv5rt.a(vex_triport.cpp.obj)
                0x0000000003806110                vex::triport::port::type()
 .text._ZN3vex7triport4port5valueEv
                0x0000000003806148       0x14 /Applications/VEXcode Pro V5.app/Contents/Resources/sdk/vexv5/libv5rt.a(vex_triport.cpp.obj)
                0x0000000003806148                vex::triport::port::value()
 .text._ZN3vex7triport4port5valueEl
                0x000000000380615c       0x18 /Applications/VEXcode Pro V5.app/Contents/Resources/sdk/vexv5/libv5rt.a(vex_triport.cpp.obj)
                0x000000000380615c                vex::triport::port::value(long)
 .text._ZN3vex7triport4port14_convertAnalogENS_11analogUnitsE
                0x0000000003806174       0x58 /Applications/VEXcode Pro V5.app/Contents/Resources/sdk/vexv5/libv5rt.a(vex_triport.cpp.obj)
                0x0000000003806174                vex::triport::port::_convertAnalog(vex::analogUnits)
 .text._ZN3vex11__trideviceC2ERNS_7triport4portENS_11triportTypeE
                0x00000000038061cc       0x5c /Applications/VEXcode Pro V5.app/Contents/Resources/sdk/vexv5/libv5rt.a(vex_triport.cpp.obj)
                0x00000000038061cc                vex::__tridevice::__tridevice(vex::triport::port&, vex::triportType)
                0x00000000038061cc                vex::__tridevice::__tridevice(vex::triport::port&, vex::triportType)
 .text._ZN3vex11__tridevice14_convertAnalogENS_11analogUnitsE
                0x0000000003806228        0x8 /Applications/VEXcode Pro V5.app/Contents/Resources/sdk/vexv5/libv5rt.a(vex_triport.cpp.obj)
                0x0000000003806228                vex::__tridevice::_convertAnalog(vex::analogUnits)
 .text._ZN3vex6bumperC2ERNS_7triport4portE
                0x0000000003806230       0x28 /Applications/VEXcode Pro V5.app/Contents/Resources/sdk/vexv5/libv5rt.a(vex_triport.cpp.obj)
                0x0000000003806230                vex::bumper::bumper(vex::triport::port&)
                0x0000000003806230                vex::bumper::bumper(vex::triport::port&)
 .text._ZN3vex6bumperD2Ev
                0x0000000003806258        0x4 /Applications/VEXcode Pro V5.app/Contents/Resources/sdk/vexv5/libv5rt.a(vex_triport.cpp.obj)
                0x0000000003806258                vex::bumper::~bumper()
                0x0000000003806258                vex::bumper::~bumper()
 .text._ZN3vex6bumper5valueEv
                0x000000000380625c        0x8 /Applications/VEXcode Pro V5.app/Contents/Resources/sdk/vexv5/libv5rt.a(vex_triport.cpp.obj)
                0x000000000380625c                vex::bumper::value()
 .text._ZN3vex11digital_outC2ERNS_7triport4portE
                0x0000000003806264       0x18 /Applications/VEXcode Pro V5.app/Contents/Resources/sdk/vexv5/libv5rt.a(vex_triport.cpp.obj)
                0x0000000003806264                vex::digital_out::digital_out(vex::triport::port&)
                0x0000000003806264                vex::digital_out::digital_out(vex::triport::port&)
 .text._ZN3vex11digital_out3setEb
                0x000000000380627c        0x8 /Applications/VEXcode Pro V5.app/Contents/Resources/sdk/vexv5/libv5rt.a(vex_triport.cpp.obj)
                0x000000000380627c                vex::digital_out::set(bool)
 .text._ZN3vex10pneumaticsC2ERNS_7triport4portE
                0x0000000003806284       0x14 /Applications/VEXcode Pro V5.app/Contents/Resources/sdk/vexv5/libv5rt.a(vex_triport.cpp.obj)
                0x0000000003806284                vex::pneumatics::pneumatics(vex::triport::port&)
                0x0000000003806284                vex::pneumatics::pneumatics(vex::triport::port&)
 .text._ZN3vex10pneumaticsD2Ev
                0x0000000003806298        0x4 /Applications/VEXcode Pro V5.app/Contents/Resources/sdk/vexv5/libv5rt.a(vex_triport.cpp.obj)
                0x0000000003806298                vex::pneumatics::~pneumatics()
                0x0000000003806298                vex::pneumatics::~pneumatics()
 .text._ZN3vex3potC2ERNS_7triport4portE
                0x000000000380629c       0x20 /Applications/VEXcode Pro V5.app/Contents/Resources/sdk/vexv5/libv5rt.a(vex_triport.cpp.obj)
                0x000000000380629c                vex::pot::pot(vex::triport::port&)
                0x000000000380629c                vex::pot::pot(vex::triport::port&)
 .text._ZN3vex3potD2Ev
                0x00000000038062bc        0x4 /Applications/VEXcode Pro V5.app/Contents/Resources/sdk/vexv5/libv5rt.a(vex_triport.cpp.obj)
                0x00000000038062bc                vex::pot::~pot()
                0x00000000038062bc                vex::pot::~pot()
 .text._ZN3vex3pot5valueENS_11analogUnitsE
                0x00000000038062c0        0x4 /Applications/VEXcode Pro V5.app/Contents/Resources/sdk/vexv5/libv5rt.a(vex_triport.cpp.obj)
                0x00000000038062c0                vex::pot::value(vex::analogUnits)
 .text.startup._GLOBAL__sub_I__ZN3vex7triportC2El
                0x00000000038062c4       0x30 /Applications/VEXcode Pro V5.app/Contents/Resources/sdk/vexv5/libv5rt.a(vex_triport.cpp.obj)
 .text._ZN3vex5colorD2Ev
                0x00000000038062f4        0x4 /Applications/VEXcode Pro V5.app/Contents/Resources/sdk/vexv5/libv5rt.a(vex_color.cpp.obj)
                0x00000000038062f4                vex::color::~color()
                0x00000000038062f4                vex::color::~color()
 .text._ZNK3vex5colorcvmEv
                0x00000000038062f8        0x8 /Applications/VEXcode Pro V5.app/Contents/Resources/sdk/vexv5/libv5rt.a(vex_color.cpp.obj)
                0x00000000038062f8                vex::color::operator unsigned long() const
 .text.startup._GLOBAL__sub_I__ZN3vex5color5blackE
                0x0000000003806300      0x164 /Applications/VEXcode Pro V5.app/Contents/Resources/sdk/vexv5/libv5rt.a(vex_color.cpp.obj)
 .text._ZN3vex5timerD2Ev
                0x0000000003806464        0x4 /Applications/VEXcode Pro V5.app/Contents/Resources/sdk/vexv5/libv5rt.a(vex_timer.cpp.obj)
                0x0000000003806464                vex::timer::~timer()
                0x0000000003806464                vex::timer::~timer()
 .text._ZN3vex5timer5clearEv
                0x0000000003806468       0x1c /Applications/VEXcode Pro V5.app/Contents/Resources/sdk/vexv5/libv5rt.a(vex_timer.cpp.obj)
                0x0000000003806468                vex::timer::clear()
 .text._ZN3vex5timerC2Ev
                0x0000000003806484       0x14 /Applications/VEXcode Pro V5.app/Contents/Resources/sdk/vexv5/libv5rt.a(vex_timer.cpp.obj)
                0x0000000003806484                vex::timer::timer()
                0x0000000003806484                vex::timer::timer()
 .text._ZNK3vex5timer4timeENS_9timeUnitsE
                0x0000000003806498       0x40 /Applications/VEXcode Pro V5.app/Contents/Resources/sdk/vexv5/libv5rt.a(vex_timer.cpp.obj)
                0x0000000003806498                vex::timer::time(vex::timeUnits) const
 .text.vexAdiPortConfigSet
                0x00000000038064d8       0x28 /Applications/VEXcode Pro V5.app/Contents/Resources/sdk/vexv5/libv5rt.a(v5_apiuser.c.obj)
                0x00000000038064d8                vexAdiPortConfigSet
 .text.vexAdiPortConfigGet
                0x0000000003806500       0x28 /Applications/VEXcode Pro V5.app/Contents/Resources/sdk/vexv5/libv5rt.a(v5_apiuser.c.obj)
                0x0000000003806500                vexAdiPortConfigGet
 .text.vexAdiValueSet
                0x0000000003806528       0x28 /Applications/VEXcode Pro V5.app/Contents/Resources/sdk/vexv5/libv5rt.a(v5_apiuser.c.obj)
                0x0000000003806528                vexAdiValueSet
 .text.vexAdiValueGet
                0x0000000003806550       0x20 /Applications/VEXcode Pro V5.app/Contents/Resources/sdk/vexv5/libv5rt.a(v5_apiuser.c.obj)
                0x0000000003806550                vexAdiValueGet
 .text.vexMotorVelocitySet
                0x0000000003806570       0x20 /Applications/VEXcode Pro V5.app/Contents/Resources/sdk/vexv5/libv5rt.a(v5_apiuser.c.obj)
                0x0000000003806570                vexMotorVelocitySet
 .text.vexMotorVoltageSet
                0x0000000003806590       0x20 /Applications/VEXcode Pro V5.app/Contents/Resources/sdk/vexv5/libv5rt.a(v5_apiuser.c.obj)
                0x0000000003806590                vexMotorVoltageSet
 .text.vexMotorActualVelocityGet
                0x00000000038065b0       0x24 /Applications/VEXcode Pro V5.app/Contents/Resources/sdk/vexv5/libv5rt.a(v5_apiuser.c.obj)
                0x00000000038065b0                vexMotorActualVelocityGet
 .text.vexMotorReverseFlagSet
                0x00000000038065d4       0x20 /Applications/VEXcode Pro V5.app/Contents/Resources/sdk/vexv5/libv5rt.a(v5_apiuser.c.obj)
                0x00000000038065d4                vexMotorReverseFlagSet
 .text.vexMotorEncoderUnitsSet
                0x00000000038065f4       0x20 /Applications/VEXcode Pro V5.app/Contents/Resources/sdk/vexv5/libv5rt.a(v5_apiuser.c.obj)
                0x00000000038065f4                vexMotorEncoderUnitsSet
 .text.vexMotorBrakeModeSet
                0x0000000003806614       0x20 /Applications/VEXcode Pro V5.app/Contents/Resources/sdk/vexv5/libv5rt.a(v5_apiuser.c.obj)
                0x0000000003806614                vexMotorBrakeModeSet
 .text.vexMotorPositionSet
                0x0000000003806634       0x28 /Applications/VEXcode Pro V5.app/Contents/Resources/sdk/vexv5/libv5rt.a(v5_apiuser.c.obj)
                0x0000000003806634                vexMotorPositionSet
 .text.vexMotorPositionGet
                0x000000000380665c       0x24 /Applications/VEXcode Pro V5.app/Contents/Resources/sdk/vexv5/libv5rt.a(v5_apiuser.c.obj)
                0x000000000380665c                vexMotorPositionGet
 .text.vexMotorGearingSet
                0x0000000003806680       0x20 /Applications/VEXcode Pro V5.app/Contents/Resources/sdk/vexv5/libv5rt.a(v5_apiuser.c.obj)
                0x0000000003806680                vexMotorGearingSet
 .text.vexMotorGearingGet
                0x00000000038066a0       0x18 /Applications/VEXcode Pro V5.app/Contents/Resources/sdk/vexv5/libv5rt.a(v5_apiuser.c.obj)
                0x00000000038066a0                vexMotorGearingGet
 .text.vexVisionModeSet
                0x00000000038066b8       0x20 /Applications/VEXcode Pro V5.app/Contents/Resources/sdk/vexv5/libv5rt.a(v5_apiuser.c.obj)
                0x00000000038066b8                vexVisionModeSet
 .text.vexVisionObjectCountGet
                0x00000000038066d8       0x18 /Applications/VEXcode Pro V5.app/Contents/Resources/sdk/vexv5/libv5rt.a(v5_apiuser.c.obj)
                0x00000000038066d8                vexVisionObjectCountGet
 .text.vexVisionObjectGet
                0x00000000038066f0       0x28 /Applications/VEXcode Pro V5.app/Contents/Resources/sdk/vexv5/libv5rt.a(v5_apiuser.c.obj)
                0x00000000038066f0                vexVisionObjectGet
 .text.vexVisionSignatureSet
                0x0000000003806718       0x20 /Applications/VEXcode Pro V5.app/Contents/Resources/sdk/vexv5/libv5rt.a(v5_apiuser.c.obj)
                0x0000000003806718                vexVisionSignatureSet
 .text.vexVisionBrightnessSet
                0x0000000003806738       0x20 /Applications/VEXcode Pro V5.app/Contents/Resources/sdk/vexv5/libv5rt.a(v5_apiuser.c.obj)
                0x0000000003806738                vexVisionBrightnessSet
 .text.vexVisionLedModeSet
                0x0000000003806758       0x20 /Applications/VEXcode Pro V5.app/Contents/Resources/sdk/vexv5/libv5rt.a(v5_apiuser.c.obj)
                0x0000000003806758                vexVisionLedModeSet
 .text.vexVisionLedColorSet
                0x0000000003806778       0x2c /Applications/VEXcode Pro V5.app/Contents/Resources/sdk/vexv5/libv5rt.a(v5_apiuser.c.obj)
                0x0000000003806778                vexVisionLedColorSet
 .text.vexImuReset
                0x00000000038067a4       0x10 /Applications/VEXcode Pro V5.app/Contents/Resources/sdk/vexv5/libv5rt.a(v5_apiuser.c.obj)
                0x00000000038067a4                vexImuReset
 .text.vexImuHeadingGet
                0x00000000038067b4       0x10 /Applications/VEXcode Pro V5.app/Contents/Resources/sdk/vexv5/libv5rt.a(v5_apiuser.c.obj)
                0x00000000038067b4                vexImuHeadingGet
 .text.vexImuDegreesGet
                0x00000000038067c4       0x10 /Applications/VEXcode Pro V5.app/Contents/Resources/sdk/vexv5/libv5rt.a(v5_apiuser.c.obj)
                0x00000000038067c4                vexImuDegreesGet
 .text.vexImuStatusGet
                0x00000000038067d4       0x10 /Applications/VEXcode Pro V5.app/Contents/Resources/sdk/vexv5/libv5rt.a(v5_apiuser.c.obj)
                0x00000000038067d4                vexImuStatusGet
 .text.vexGpsReset
                0x00000000038067e4       0x10 /Applications/VEXcode Pro V5.app/Contents/Resources/sdk/vexv5/libv5rt.a(v5_apiuser.c.obj)
                0x00000000038067e4                vexGpsReset
 .text.vexGpsHeadingGet
                0x00000000038067f4       0x10 /Applications/VEXcode Pro V5.app/Contents/Resources/sdk/vexv5/libv5rt.a(v5_apiuser.c.obj)
                0x00000000038067f4                vexGpsHeadingGet
 .text.vexGpsDegreesGet
                0x0000000003806804       0x10 /Applications/VEXcode Pro V5.app/Contents/Resources/sdk/vexv5/libv5rt.a(v5_apiuser.c.obj)
                0x0000000003806804                vexGpsDegreesGet
 .text.vexGpsAttitudeGet
                0x0000000003806814       0x20 /Applications/VEXcode Pro V5.app/Contents/Resources/sdk/vexv5/libv5rt.a(v5_apiuser.c.obj)
                0x0000000003806814                vexGpsAttitudeGet
 .text.vexGpsStatusGet
                0x0000000003806834       0x10 /Applications/VEXcode Pro V5.app/Contents/Resources/sdk/vexv5/libv5rt.a(v5_apiuser.c.obj)
                0x0000000003806834                vexGpsStatusGet
 .text.vexGpsModeSet
                0x0000000003806844       0x18 /Applications/VEXcode Pro V5.app/Contents/Resources/sdk/vexv5/libv5rt.a(v5_apiuser.c.obj)
                0x0000000003806844                vexGpsModeSet
 .text.vexGpsRotationSet
                0x000000000380685c       0x20 /Applications/VEXcode Pro V5.app/Contents/Resources/sdk/vexv5/libv5rt.a(v5_apiuser.c.obj)
                0x000000000380685c                vexGpsRotationSet
 .text.vexGpsRotationGet
                0x000000000380687c       0x10 /Applications/VEXcode Pro V5.app/Contents/Resources/sdk/vexv5/libv5rt.a(v5_apiuser.c.obj)
                0x000000000380687c                vexGpsRotationGet
 .text.vexEventMaskSet
                0x000000000380688c       0x28 /Applications/VEXcode Pro V5.app/Contents/Resources/sdk/vexv5/libv5rt.a(v5_apiuser.c.obj)
                0x000000000380688c                vexEventMaskSet
 .text.vexEventMaskGet
                0x00000000038068b4       0x18 /Applications/VEXcode Pro V5.app/Contents/Resources/sdk/vexv5/libv5rt.a(v5_apiuser.c.obj)
                0x00000000038068b4                vexEventMaskGet
 .text._ZN3vex6deviceD2Ev
                0x00000000038068cc        0x4 /Applications/VEXcode Pro V5.app/Contents/Resources/sdk/vexv5/libv5rt.a(vex_device.cpp.obj)
                0x00000000038068cc                vex::device::~device()
                0x00000000038068cc                vex::device::~device()
 .text._ZN3vex6device5valueEv
                0x00000000038068d0        0x8 /Applications/VEXcode Pro V5.app/Contents/Resources/sdk/vexv5/libv5rt.a(vex_device.cpp.obj)
                0x00000000038068d0                vex::device::value()
 .text._ZN3vex6deviceD0Ev
                0x00000000038068d8       0x14 /Applications/VEXcode Pro V5.app/Contents/Resources/sdk/vexv5/libv5rt.a(vex_device.cpp.obj)
                0x00000000038068d8                vex::device::~device()
 .text._ZN3vex6device4initEl
                0x00000000038068ec       0x30 /Applications/VEXcode Pro V5.app/Contents/Resources/sdk/vexv5/libv5rt.a(vex_device.cpp.obj)
                0x00000000038068ec                vex::device::init(long)
 .text._ZN3vex6deviceC2El
                0x000000000380691c       0x20 /Applications/VEXcode Pro V5.app/Contents/Resources/sdk/vexv5/libv5rt.a(vex_device.cpp.obj)
                0x000000000380691c                vex::device::device(long)
                0x000000000380691c                vex::device::device(long)
 .text._ZN3vex6device4typeEv
                0x000000000380693c       0x10 /Applications/VEXcode Pro V5.app/Contents/Resources/sdk/vexv5/libv5rt.a(vex_device.cpp.obj)
                0x000000000380693c                vex::device::type()
 .text._ZN3vex6device9installedEv
                0x000000000380694c       0x14 /Applications/VEXcode Pro V5.app/Contents/Resources/sdk/vexv5/libv5rt.a(vex_device.cpp.obj)
                0x000000000380694c                vex::device::installed()
 .text.__aeabi_memclr
                0x0000000003806960        0x8 /Applications/VEXcode Pro V5.app/Contents/Resources/sdk/vexv5/gcc/libs/libc.a(lib_a-aeabi_memclr.o)
                0x0000000003806960                __aeabi_memclr8
                0x0000000003806960                __aeabi_memclr4
                0x0000000003806960                __aeabi_memclr
 .text.__aeabi_memcpy
                0x0000000003806968        0x4 /Applications/VEXcode Pro V5.app/Contents/Resources/sdk/vexv5/gcc/libs/libc.a(lib_a-aeabi_memcpy.o)
                0x0000000003806968                __aeabi_memcpy4
                0x0000000003806968                __aeabi_memcpy
                0x0000000003806968                __aeabi_memcpy8
 .text.__libc_fini_array
                0x000000000380696c       0x30 /Applications/VEXcode Pro V5.app/Contents/Resources/sdk/vexv5/gcc/libs/libc.a(lib_a-fini.o)
                0x000000000380696c                __libc_fini_array
 .text.__libc_init_array
                0x000000000380699c       0x58 /Applications/VEXcode Pro V5.app/Contents/Resources/sdk/vexv5/gcc/libs/libc.a(lib_a-init.o)
                0x000000000380699c                __libc_init_array
 .text.memcpy   0x00000000038069f4       0xa8 /Applications/VEXcode Pro V5.app/Contents/Resources/sdk/vexv5/gcc/libs/libc.a(lib_a-memcpy.o)
                0x00000000038069f4                memcpy
 *fill*         0x0000000003806a9c        0x4 
 .text.memcpy.__stub
                0x0000000003806aa0       0x18 linker stubs
 *(.gnu.linkonce.t.*)
 *(.plt)
 *(.gnu_warning)
 *(.gcc_except_table)
 *(.glue_7)
 .glue_7        0x0000000003806ab8        0x0 linker stubs
 *(.glue_7t)
 .glue_7t       0x0000000003806ab8        0x0 linker stubs
 *(.vfp11_veneer)
 .vfp11_veneer  0x0000000003806ab8        0x0 linker stubs
 *(.ARM.extab)
 *(.gnu.linkonce.armextab.*)

.v4_bx          0x0000000003806ab8        0x0
 .v4_bx         0x0000000003806ab8        0x0 linker stubs

.iplt           0x0000000003806ab8        0x0
 .iplt          0x0000000003806ab8        0x0 build/src/AutonSupport.o

.init
 *(.init)

.fini
 *(.fini)

.rodata         0x0000000003806ab8      0x454
                0x0000000003806ab8                __rodata_start = .
 *(.rodata)
 *(.rodata.*)
 .rodata.str1.1
                0x0000000003806ab8        0xe build/src/AutonSupport.o
 *fill*         0x0000000003806ac6        0x2 
 .rodata.str1.8
                0x0000000003806ac8       0x28 build/src/AutonSupport.o
                                         0x25 (size before relaxing)
 .rodata.str1.1
                0x0000000003806af0       0x6d build/src/DriveFunctions.o
 .rodata.str1.1
                0x0000000003806b5d       0xb2 build/src/Functions.o
                                         0xb5 (size before relaxing)
 .rodata.str1.1
                0x0000000003806c0f       0x3c build/src/PID.o
                                         0x47 (size before relaxing)
 .rodata.str1.1
                0x0000000003806c4b       0x5b build/src/main.o
                                         0x5e (size before relaxing)
 .rodata.str1.1
                0x0000000003806ca6       0x2e /Applications/VEXcode Pro V5.app/Contents/Resources/sdk/vexv5/libv5rt.a(v5_startup.c.obj)
 .rodata._ZN3vex3revE
                0x0000000003806cd4        0x4 /Applications/VEXcode Pro V5.app/Contents/Resources/sdk/vexv5/libv5rt.a(vex_global.cpp.obj)
                0x0000000003806cd4                vex::rev
 .rodata._ZN3vex5PORT3E
                0x0000000003806cd8        0x4 /Applications/VEXcode Pro V5.app/Contents/Resources/sdk/vexv5/libv5rt.a(vex_global.cpp.obj)
                0x0000000003806cd8                vex::PORT3
 .rodata._ZN3vex5PORT1E
                0x0000000003806cdc        0x4 /Applications/VEXcode Pro V5.app/Contents/Resources/sdk/vexv5/libv5rt.a(vex_global.cpp.obj)
                0x0000000003806cdc                vex::PORT1
 .rodata._ZN3vex7reverseE
                0x0000000003806ce0        0x4 /Applications/VEXcode Pro V5.app/Contents/Resources/sdk/vexv5/libv5rt.a(vex_global.cpp.obj)
                0x0000000003806ce0                vex::reverse
 .rodata._ZN3vex5PORT5E
                0x0000000003806ce4        0x4 /Applications/VEXcode Pro V5.app/Contents/Resources/sdk/vexv5/libv5rt.a(vex_global.cpp.obj)
                0x0000000003806ce4                vex::PORT5
 .rodata._ZN3vex7forwardE
                0x0000000003806ce8        0x4 /Applications/VEXcode Pro V5.app/Contents/Resources/sdk/vexv5/libv5rt.a(vex_global.cpp.obj)
                0x0000000003806ce8                vex::forward
 .rodata._ZN3vex4msecE
                0x0000000003806cec        0x4 /Applications/VEXcode Pro V5.app/Contents/Resources/sdk/vexv5/libv5rt.a(vex_global.cpp.obj)
                0x0000000003806cec                vex::msec
 .rodata._ZN3vex6PORT18E
                0x0000000003806cf0        0x4 /Applications/VEXcode Pro V5.app/Contents/Resources/sdk/vexv5/libv5rt.a(vex_global.cpp.obj)
                0x0000000003806cf0                vex::PORT18
 .rodata._ZN3vex5PORT9E
                0x0000000003806cf4        0x4 /Applications/VEXcode Pro V5.app/Contents/Resources/sdk/vexv5/libv5rt.a(vex_global.cpp.obj)
                0x0000000003806cf4                vex::PORT9
 .rodata._ZN3vex5PORT2E
                0x0000000003806cf8        0x4 /Applications/VEXcode Pro V5.app/Contents/Resources/sdk/vexv5/libv5rt.a(vex_global.cpp.obj)
                0x0000000003806cf8                vex::PORT2
 .rodata._ZN3vex5PORT6E
                0x0000000003806cfc        0x4 /Applications/VEXcode Pro V5.app/Contents/Resources/sdk/vexv5/libv5rt.a(vex_global.cpp.obj)
                0x0000000003806cfc                vex::PORT6
 .rodata._ZN3vex7primaryE
                0x0000000003806d00        0x4 /Applications/VEXcode Pro V5.app/Contents/Resources/sdk/vexv5/libv5rt.a(vex_global.cpp.obj)
                0x0000000003806d00                vex::primary
 .rodata._ZN3vex3degE
                0x0000000003806d04        0x4 /Applications/VEXcode Pro V5.app/Contents/Resources/sdk/vexv5/libv5rt.a(vex_global.cpp.obj)
                0x0000000003806d04                vex::deg
 .rodata._ZN3vex10range10bitE
                0x0000000003806d08        0x4 /Applications/VEXcode Pro V5.app/Contents/Resources/sdk/vexv5/libv5rt.a(vex_global.cpp.obj)
                0x0000000003806d08                vex::range10bit
 .rodata._ZN3vex7percentE
                0x0000000003806d0c        0x4 /Applications/VEXcode Pro V5.app/Contents/Resources/sdk/vexv5/libv5rt.a(vex_global.cpp.obj)
                0x0000000003806d0c                vex::percent
 .rodata._ZN3vex6PORT19E
                0x0000000003806d10        0x4 /Applications/VEXcode Pro V5.app/Contents/Resources/sdk/vexv5/libv5rt.a(vex_global.cpp.obj)
                0x0000000003806d10                vex::PORT19
 .rodata._ZN3vex7degreesE
                0x0000000003806d14        0x4 /Applications/VEXcode Pro V5.app/Contents/Resources/sdk/vexv5/libv5rt.a(vex_global.cpp.obj)
                0x0000000003806d14                vex::degrees
 .rodata._ZN3vex6PORT22E